[1.083s] DEBUG:colcon:Command line arguments: ['/usr/bin/colcon', 'build']
[1.084s] DEBUG:colcon:Parsed command line arguments: Namespace(log_base=None, log_level=None, verb_name='build', build_base='build', install_base='install', merge_install=False, symlink_install=False, test_result_base=None, continue_on_error=False, executor='parallel', parallel_workers=4, event_handlers=None, ignore_user_meta=False, metas=['./colcon.meta'], base_paths=['.'], packages_ignore=None, packages_ignore_regex=None, paths=None, packages_up_to=None, packages_up_to_regex=None, packages_above=None, packages_above_and_dependencies=None, packages_above_depth=None, packages_select_by_dep=None, packages_skip_by_dep=None, packages_skip_up_to=None, packages_select_build_failed=False, packages_skip_build_finished=False, packages_select_test_failures=False, packages_skip_test_passed=False, packages_select=None, packages_skip=None, packages_select_regex=None, packages_skip_regex=None, packages_start=None, packages_end=None, allow_overriding=[], cmake_args=None, cmake_target=None, cmake_target_skip_unavailable=False, cmake_clean_cache=False, cmake_clean_first=False, cmake_force_configure=False, ament_cmake_args=None, catkin_cmake_args=None, catkin_skip_building_tests=False, mixin_files=None, mixin=None, verb_parser=<colcon_mixin.mixin.mixin_argument.MixinArgumentDecorator object at 0xffff84dbce20>, verb_extension=<colcon_core.verb.build.BuildVerb object at 0xffff84eddd20>, main=<bound method BuildVerb.main of <colcon_core.verb.build.BuildVerb object at 0xffff84eddd20>>, mixin_verb=('build',))
[2.173s] Level 1:colcon.colcon_core.package_discovery:discover_packages(colcon_meta) check parameters
[2.174s] Level 1:colcon.colcon_core.package_discovery:discover_packages(recursive) check parameters
[2.174s] Level 1:colcon.colcon_core.package_discovery:discover_packages(ignore) check parameters
[2.174s] Level 1:colcon.colcon_core.package_discovery:discover_packages(path) check parameters
[2.174s] Level 1:colcon.colcon_core.package_discovery:discover_packages(colcon_meta) discover
[2.175s] Level 1:colcon.colcon_core.package_discovery:discover_packages(recursive) discover
[2.175s] INFO:colcon.colcon_core.package_discovery:Crawling recursively for packages in '/home/capstone2526/cmdr_ws/src/carleton-mail-delivery-robot/mail-delivery-robot'
[2.176s] Level 1:colcon.colcon_core.package_identification:_identify(.) by extensions ['ignore', 'ignore_ament_install']
[2.176s] Level 1:colcon.colcon_core.package_identification:_identify(.) by extension 'ignore'
[2.177s] Level 1:colcon.colcon_core.package_identification:_identify(.) by extension 'ignore_ament_install'
[2.177s] Level 1:colcon.colcon_core.package_identification:_identify(.) by extensions ['colcon_pkg']
[2.177s] Level 1:colcon.colcon_core.package_identification:_identify(.) by extension 'colcon_pkg'
[2.177s] Level 1:colcon.colcon_core.package_identification:_identify(.) by extensions ['colcon_meta']
[2.178s] Level 1:colcon.colcon_core.package_identification:_identify(.) by extension 'colcon_meta'
[2.178s] Level 1:colcon.colcon_core.package_identification:_identify(.) by extensions ['ros']
[2.178s] Level 1:colcon.colcon_core.package_identification:_identify(.) by extension 'ros'
[2.277s] DEBUG:colcon.colcon_core.package_identification:Package '.' with type 'ros.ament_python' and name 'mail-delivery-robot'
[2.277s] Level 1:colcon.colcon_core.package_discovery:discover_packages(recursive) using defaults
[2.277s] Level 1:colcon.colcon_core.package_discovery:discover_packages(ignore) discover
[2.278s] Level 1:colcon.colcon_core.package_discovery:discover_packages(ignore) using defaults
[2.278s] Level 1:colcon.colcon_core.package_discovery:discover_packages(path) discover
[2.278s] Level 1:colcon.colcon_core.package_discovery:discover_packages(path) using defaults
[2.429s] Level 1:colcon.colcon_core.package_discovery:discover_packages(prefix_path) check parameters
[2.430s] Level 1:colcon.colcon_core.package_discovery:discover_packages(prefix_path) discover
[2.439s] Level 1:colcon.colcon_core.package_discovery:discover_packages(prefix_path) using defaults
[2.446s] Level 5:colcon.colcon_core.verb:set package 'mail-delivery-robot' build argument 'cmake_args' from command line to 'None'
[2.447s] Level 5:colcon.colcon_core.verb:set package 'mail-delivery-robot' build argument 'cmake_target' from command line to 'None'
[2.447s] Level 5:colcon.colcon_core.verb:set package 'mail-delivery-robot' build argument 'cmake_target_skip_unavailable' from command line to 'False'
[2.447s] Level 5:colcon.colcon_core.verb:set package 'mail-delivery-robot' build argument 'cmake_clean_cache' from command line to 'False'
[2.447s] Level 5:colcon.colcon_core.verb:set package 'mail-delivery-robot' build argument 'cmake_clean_first' from command line to 'False'
[2.447s] Level 5:colcon.colcon_core.verb:set package 'mail-delivery-robot' build argument 'cmake_force_configure' from command line to 'False'
[2.447s] Level 5:colcon.colcon_core.verb:set package 'mail-delivery-robot' build argument 'ament_cmake_args' from command line to 'None'
[2.448s] Level 5:colcon.colcon_core.verb:set package 'mail-delivery-robot' build argument 'catkin_cmake_args' from command line to 'None'
[2.448s] Level 5:colcon.colcon_core.verb:set package 'mail-delivery-robot' build argument 'catkin_skip_building_tests' from command line to 'False'
[2.448s] DEBUG:colcon.colcon_core.verb:Building package 'mail-delivery-robot' with the following arguments: {'ament_cmake_args': None, 'build_base': '/home/capstone2526/cmdr_ws/src/carleton-mail-delivery-robot/mail-delivery-robot/build/mail-delivery-robot', 'catkin_cmake_args': None, 'catkin_skip_building_tests': False, 'cmake_args': None, 'cmake_clean_cache': False, 'cmake_clean_first': False, 'cmake_force_configure': False, 'cmake_target': None, 'cmake_target_skip_unavailable': False, 'install_base': '/home/capstone2526/cmdr_ws/src/carleton-mail-delivery-robot/mail-delivery-robot/install/mail-delivery-robot', 'merge_install': False, 'path': '/home/capstone2526/cmdr_ws/src/carleton-mail-delivery-robot/mail-delivery-robot', 'symlink_install': False, 'test_result_base': None}
[2.449s] INFO:colcon.colcon_core.executor:Executing jobs using 'parallel' executor
[2.453s] DEBUG:colcon.colcon_parallel_executor.executor.parallel:run_until_complete
[2.454s] INFO:colcon.colcon_ros.task.ament_python.build:Building ROS package in '/home/capstone2526/cmdr_ws/src/carleton-mail-delivery-robot/mail-delivery-robot' with build type 'ament_python'
[2.454s] Level 1:colcon.colcon_core.shell:create_environment_hook('mail-delivery-robot', 'ament_prefix_path')
[2.479s] INFO:colcon.colcon_core.plugin_system:Skipping extension 'colcon_core.shell.bat': Not used on non-Windows systems
[2.481s] INFO:colcon.colcon_core.shell:Creating environment hook '/home/capstone2526/cmdr_ws/src/carleton-mail-delivery-robot/mail-delivery-robot/install/mail-delivery-robot/share/mail-delivery-robot/hook/ament_prefix_path.ps1'
[2.486s] INFO:colcon.colcon_core.shell:Creating environment descriptor '/home/capstone2526/cmdr_ws/src/carleton-mail-delivery-robot/mail-delivery-robot/install/mail-delivery-robot/share/mail-delivery-robot/hook/ament_prefix_path.dsv'
[2.490s] INFO:colcon.colcon_core.shell:Creating environment hook '/home/capstone2526/cmdr_ws/src/carleton-mail-delivery-robot/mail-delivery-robot/install/mail-delivery-robot/share/mail-delivery-robot/hook/ament_prefix_path.sh'
[2.494s] INFO:colcon.colcon_core.shell:Skip shell extension 'powershell' for command environment: Not usable outside of PowerShell
[2.495s] DEBUG:colcon.colcon_core.shell:Skip shell extension 'dsv' for command environment
[3.562s] INFO:colcon.colcon_core.task.python.build:Building Python package in '/home/capstone2526/cmdr_ws/src/carleton-mail-delivery-robot/mail-delivery-robot'
[3.563s] INFO:colcon.colcon_core.shell:Skip shell extension 'powershell' for command environment: Not usable outside of PowerShell
[3.564s] DEBUG:colcon.colcon_core.shell:Skip shell extension 'dsv' for command environment
[5.698s] DEBUG:colcon.colcon_core.event_handler.log_command:Invoking command in '/home/capstone2526/cmdr_ws/src/carleton-mail-delivery-robot/mail-delivery-robot': PYTHONPATH=/home/capstone2526/cmdr_ws/src/carleton-mail-delivery-robot/mail-delivery-robot/build/mail-delivery-robot/prefix_override:/usr/lib/python3/dist-packages/colcon_core/task/python/colcon_distutils_commands:/home/capstone2526/cmdr_ws/src/carleton-mail-delivery-robot/mail-delivery-robot/install/mail-delivery-robot/lib/python3.10/site-packages: /usr/bin/python3 -W ignore:setup.py install is deprecated -W ignore:easy_install command is deprecated setup.py egg_info --egg-base build/mail-delivery-robot build --build-base /home/capstone2526/cmdr_ws/src/carleton-mail-delivery-robot/mail-delivery-robot/build/mail-delivery-robot/build install --record /home/capstone2526/cmdr_ws/src/carleton-mail-delivery-robot/mail-delivery-robot/build/mail-delivery-robot/install.log --single-version-externally-managed install_data
[7.117s] DEBUG:colcon.colcon_core.event_handler.log_command:Invoked command in '/home/capstone2526/cmdr_ws/src/carleton-mail-delivery-robot/mail-delivery-robot' returned '0': PYTHONPATH=/home/capstone2526/cmdr_ws/src/carleton-mail-delivery-robot/mail-delivery-robot/build/mail-delivery-robot/prefix_override:/usr/lib/python3/dist-packages/colcon_core/task/python/colcon_distutils_commands:/home/capstone2526/cmdr_ws/src/carleton-mail-delivery-robot/mail-delivery-robot/install/mail-delivery-robot/lib/python3.10/site-packages: /usr/bin/python3 -W ignore:setup.py install is deprecated -W ignore:easy_install command is deprecated setup.py egg_info --egg-base build/mail-delivery-robot build --build-base /home/capstone2526/cmdr_ws/src/carleton-mail-delivery-robot/mail-delivery-robot/build/mail-delivery-robot/build install --record /home/capstone2526/cmdr_ws/src/carleton-mail-delivery-robot/mail-delivery-robot/build/mail-delivery-robot/install.log --single-version-externally-managed install_data
[7.147s] Level 1:colcon.colcon_core.environment:checking '/home/capstone2526/cmdr_ws/src/carleton-mail-delivery-robot/mail-delivery-robot/install/mail-delivery-robot' for CMake module files
[7.152s] Level 1:colcon.colcon_core.environment:checking '/home/capstone2526/cmdr_ws/src/carleton-mail-delivery-robot/mail-delivery-robot/install/mail-delivery-robot' for CMake config files
[7.162s] Level 1:colcon.colcon_core.environment:checking '/home/capstone2526/cmdr_ws/src/carleton-mail-delivery-robot/mail-delivery-robot/install/mail-delivery-robot/lib'
[7.163s] Level 1:colcon.colcon_core.environment:checking '/home/capstone2526/cmdr_ws/src/carleton-mail-delivery-robot/mail-delivery-robot/install/mail-delivery-robot/bin'
[7.163s] Level 1:colcon.colcon_core.environment:checking '/home/capstone2526/cmdr_ws/src/carleton-mail-delivery-robot/mail-delivery-robot/install/mail-delivery-robot/lib/pkgconfig/mail-delivery-robot.pc'
[7.164s] Level 1:colcon.colcon_core.environment:checking '/home/capstone2526/cmdr_ws/src/carleton-mail-delivery-robot/mail-delivery-robot/install/mail-delivery-robot/lib/python3.10/site-packages'
[7.164s] Level 1:colcon.colcon_core.shell:create_environment_hook('mail-delivery-robot', 'pythonpath')
[7.165s] INFO:colcon.colcon_core.shell:Creating environment hook '/home/capstone2526/cmdr_ws/src/carleton-mail-delivery-robot/mail-delivery-robot/install/mail-delivery-robot/share/mail-delivery-robot/hook/pythonpath.ps1'
[7.167s] INFO:colcon.colcon_core.shell:Creating environment descriptor '/home/capstone2526/cmdr_ws/src/carleton-mail-delivery-robot/mail-delivery-robot/install/mail-delivery-robot/share/mail-delivery-robot/hook/pythonpath.dsv'
[7.169s] INFO:colcon.colcon_core.shell:Creating environment hook '/home/capstone2526/cmdr_ws/src/carleton-mail-delivery-robot/mail-delivery-robot/install/mail-delivery-robot/share/mail-delivery-robot/hook/pythonpath.sh'
[7.172s] Level 1:colcon.colcon_core.environment:checking '/home/capstone2526/cmdr_ws/src/carleton-mail-delivery-robot/mail-delivery-robot/install/mail-delivery-robot/bin'
[7.173s] Level 1:colcon.colcon_core.environment:create_environment_scripts_only(mail-delivery-robot)
[7.174s] INFO:colcon.colcon_core.shell:Creating package script '/home/capstone2526/cmdr_ws/src/carleton-mail-delivery-robot/mail-delivery-robot/install/mail-delivery-robot/share/mail-delivery-robot/package.ps1'
[7.181s] INFO:colcon.colcon_core.shell:Creating package descriptor '/home/capstone2526/cmdr_ws/src/carleton-mail-delivery-robot/mail-delivery-robot/install/mail-delivery-robot/share/mail-delivery-robot/package.dsv'
[7.185s] INFO:colcon.colcon_core.shell:Creating package script '/home/capstone2526/cmdr_ws/src/carleton-mail-delivery-robot/mail-delivery-robot/install/mail-delivery-robot/share/mail-delivery-robot/package.sh'
[7.190s] INFO:colcon.colcon_core.shell:Creating package script '/home/capstone2526/cmdr_ws/src/carleton-mail-delivery-robot/mail-delivery-robot/install/mail-delivery-robot/share/mail-delivery-robot/package.bash'
[7.196s] INFO:colcon.colcon_core.shell:Creating package script '/home/capstone2526/cmdr_ws/src/carleton-mail-delivery-robot/mail-delivery-robot/install/mail-delivery-robot/share/mail-delivery-robot/package.zsh'
[7.200s] Level 1:colcon.colcon_core.environment:create_file_with_runtime_dependencies(/home/capstone2526/cmdr_ws/src/carleton-mail-delivery-robot/mail-delivery-robot/install/mail-delivery-robot/share/colcon-core/packages/mail-delivery-robot)
[7.202s] DEBUG:colcon.colcon_parallel_executor.executor.parallel:closing loop
[7.204s] DEBUG:colcon.colcon_parallel_executor.executor.parallel:loop closed
[7.205s] DEBUG:colcon.colcon_parallel_executor.executor.parallel:run_until_complete finished with '0'
[7.205s] DEBUG:colcon.colcon_core.event_reactor:joining thread
[7.235s] INFO:colcon.colcon_core.plugin_system:Skipping extension 'colcon_notification.desktop_notification.notify_send': Could not find 'notify-send'
[7.235s] INFO:colcon.colcon_core.plugin_system:Skipping extension 'colcon_notification.desktop_notification.terminal_notifier': Not used on non-Darwin systems
[7.236s] INFO:colcon.colcon_core.plugin_system:Skipping extension 'colcon_notification.desktop_notification.win32': Not used on non-Windows systems
[7.236s] INFO:colcon.colcon_notification.desktop_notification:Sending desktop notification using 'notify2'
[7.297s] DEBUG:colcon.colcon_notification.desktop_notification.notify2:Failed to initialize notify2: org.freedesktop.DBus.Error.ServiceUnknown: The name org.freedesktop.Notifications was not provided by any .service files
[7.297s] DEBUG:colcon.colcon_core.event_reactor:joined thread
[7.299s] INFO:colcon.colcon_core.shell:Creating prefix script '/home/capstone2526/cmdr_ws/src/carleton-mail-delivery-robot/mail-delivery-robot/install/local_setup.ps1'
[7.308s] INFO:colcon.colcon_core.shell:Creating prefix util module '/home/capstone2526/cmdr_ws/src/carleton-mail-delivery-robot/mail-delivery-robot/install/_local_setup_util_ps1.py'
[7.317s] INFO:colcon.colcon_core.shell:Creating prefix chain script '/home/capstone2526/cmdr_ws/src/carleton-mail-delivery-robot/mail-delivery-robot/install/setup.ps1'
[7.324s] INFO:colcon.colcon_core.shell:Creating prefix script '/home/capstone2526/cmdr_ws/src/carleton-mail-delivery-robot/mail-delivery-robot/install/local_setup.sh'
[7.328s] INFO:colcon.colcon_core.shell:Creating prefix util module '/home/capstone2526/cmdr_ws/src/carleton-mail-delivery-robot/mail-delivery-robot/install/_local_setup_util_sh.py'
[7.331s] INFO:colcon.colcon_core.shell:Creating prefix chain script '/home/capstone2526/cmdr_ws/src/carleton-mail-delivery-robot/mail-delivery-robot/install/setup.sh'
[7.336s] INFO:colcon.colcon_core.shell:Creating prefix script '/home/capstone2526/cmdr_ws/src/carleton-mail-delivery-robot/mail-delivery-robot/install/local_setup.bash'
[7.339s] INFO:colcon.colcon_core.shell:Creating prefix chain script '/home/capstone2526/cmdr_ws/src/carleton-mail-delivery-robot/mail-delivery-robot/install/setup.bash'
[7.344s] INFO:colcon.colcon_core.shell:Creating prefix script '/home/capstone2526/cmdr_ws/src/carleton-mail-delivery-robot/mail-delivery-robot/install/local_setup.zsh'
[7.351s] INFO:colcon.colcon_core.shell:Creating prefix chain script '/home/capstone2526/cmdr_ws/src/carleton-mail-delivery-robot/mail-delivery-robot/install/setup.zsh'
