[0.000000] (-) TimerEvent: {}
[0.002034] (mail-delivery-robot) JobQueued: {'identifier': 'mail-delivery-robot', 'dependencies': OrderedDict()}
[0.002691] (mail-delivery-robot) JobStarted: {'identifier': 'mail-delivery-robot'}
[0.099129] (-) TimerEvent: {}
[0.199814] (-) TimerEvent: {}
[0.300498] (-) TimerEvent: {}
[0.401152] (-) TimerEvent: {}
[0.501798] (-) TimerEvent: {}
[0.602427] (-) TimerEvent: {}
[0.703103] (-) TimerEvent: {}
[0.803835] (-) TimerEvent: {}
[0.904474] (-) TimerEvent: {}
[1.005151] (-) TimerEvent: {}
[1.105955] (-) TimerEvent: {}
[1.206793] (-) TimerEvent: {}
[1.307450] (-) TimerEvent: {}
[1.408151] (-) TimerEvent: {}
[1.508781] (-) TimerEvent: {}
[1.609400] (-) TimerEvent: {}
[1.710042] (-) TimerEvent: {}
[1.810664] (-) TimerEvent: {}
[1.911321] (-) TimerEvent: {}
[2.011975] (-) TimerEvent: {}
[2.112596] (-) TimerEvent: {}
[2.213237] (-) TimerEvent: {}
[2.313872] (-) TimerEvent: {}
[2.414553] (-) TimerEvent: {}
[2.515341] (-) TimerEvent: {}
[2.616444] (-) TimerEvent: {}
[2.621410] (mail-delivery-robot) Command: {'cmd': ['/usr/bin/python3', '-W', 'ignore:setup.py install is deprecated', '-W', 'ignore:easy_install command is deprecated', 'setup.py', 'egg_info', '--egg-base', '../build/mail-delivery-robot', 'build', '--build-base', '/home/capstone2526/cmdr_ws/src/carleton-mail-delivery-robot/build/mail-delivery-robot/build', 'install', '--record', '/home/capstone2526/cmdr_ws/src/carleton-mail-delivery-robot/build/mail-delivery-robot/install.log', '--single-version-externally-managed', 'install_data'], 'cwd': '/home/capstone2526/cmdr_ws/src/carleton-mail-delivery-robot/mail-delivery-robot', 'env': {'USER': 'capstone2526', 'SSH_CLIENT': '100.93.35.55 58063 22', 'XDG_SESSION_TYPE': 'tty', 'SHLVL': '1', 'MOTD_SHOWN': 'pam', 'HOME': '/home/capstone2526', 'OLDPWD': '/home/capstone2526/cmdr_ws/src/carleton-mail-delivery-robot/mail-delivery-robot', 'SSH_TTY': '/dev/pts/0', 'DBUS_SESSION_BUS_ADDRESS': 'unix:path=/run/user/1000/bus', 'LC_TERMINAL_VERSION': '3.6.4', 'LOGNAME': 'capstone2526', '_': '/usr/bin/colcon', 'XDG_SESSION_CLASS': 'user', 'TERM': 'xterm-256color', 'XDG_SESSION_ID': '5', 'PATH': '/home/capstone2526/.local/bin:/usr/local/sbin:/usr/local/bin:/usr/sbin:/usr/bin:/sbin:/bin:/usr/games:/usr/local/games:/snap/bin', 'XDG_RUNTIME_DIR': '/run/user/1000', 'LANG': 'en_US.UTF-8', 'SHELL': '/bin/bash', 'LC_TERMINAL': 'iTerm2', 'PWD': '/home/capstone2526/cmdr_ws/src/carleton-mail-delivery-robot/build/mail-delivery-robot', 'LC_ALL': 'en_US.UTF-8', 'SSH_CONNECTION': '100.93.35.55 58063 100.109.151.66 22', 'XDG_DATA_DIRS': '/usr/local/share:/usr/share:/var/lib/snapd/desktop', 'COLCON': '1', 'PYTHONPATH': '/home/capstone2526/cmdr_ws/src/carleton-mail-delivery-robot/build/mail-delivery-robot/prefix_override:/usr/lib/python3/dist-packages/colcon_core/task/python/colcon_distutils_commands:/home/capstone2526/cmdr_ws/src/carleton-mail-delivery-robot/install/mail-delivery-robot/lib/python3.10/site-packages:'}, 'shell': False}
[2.716584] (-) TimerEvent: {}
[2.817241] (-) TimerEvent: {}
[2.917951] (-) TimerEvent: {}
[3.018574] (-) TimerEvent: {}
[3.119253] (-) TimerEvent: {}
[3.220374] (-) TimerEvent: {}
[3.320994] (-) TimerEvent: {}
[3.421641] (-) TimerEvent: {}
[3.522278] (-) TimerEvent: {}
[3.614384] (mail-delivery-robot) StdoutLine: {'line': b'running egg_info\n'}
[3.617791] (mail-delivery-robot) StdoutLine: {'line': b'creating ../build/mail-delivery-robot/mail_delivery_robot.egg-info\n'}
[3.618402] (mail-delivery-robot) StdoutLine: {'line': b'writing ../build/mail-delivery-robot/mail_delivery_robot.egg-info/PKG-INFO\n'}
[3.619383] (mail-delivery-robot) StdoutLine: {'line': b'writing dependency_links to ../build/mail-delivery-robot/mail_delivery_robot.egg-info/dependency_links.txt\n'}
[3.620628] (mail-delivery-robot) StdoutLine: {'line': b'writing entry points to ../build/mail-delivery-robot/mail_delivery_robot.egg-info/entry_points.txt\n'}
[3.621217] (mail-delivery-robot) StdoutLine: {'line': b'writing requirements to ../build/mail-delivery-robot/mail_delivery_robot.egg-info/requires.txt\n'}
[3.621717] (mail-delivery-robot) StdoutLine: {'line': b'writing top-level names to ../build/mail-delivery-robot/mail_delivery_robot.egg-info/top_level.txt\n'}
[3.622385] (-) TimerEvent: {}
[3.622900] (mail-delivery-robot) StdoutLine: {'line': b"writing manifest file '../build/mail-delivery-robot/mail_delivery_robot.egg-info/SOURCES.txt'\n"}
[3.628660] (mail-delivery-robot) StderrLine: {'line': b"package init file 'src/tests/__init__.py' not found (or not a regular file)\n"}
[3.631713] (mail-delivery-robot) StdoutLine: {'line': b"reading manifest file '../build/mail-delivery-robot/mail_delivery_robot.egg-info/SOURCES.txt'\n"}
[3.632909] (mail-delivery-robot) StdoutLine: {'line': b"adding license file 'LICENSE'\n"}
[3.637086] (mail-delivery-robot) StdoutLine: {'line': b"writing manifest file '../build/mail-delivery-robot/mail_delivery_robot.egg-info/SOURCES.txt'\n"}
[3.637741] (mail-delivery-robot) StdoutLine: {'line': b'running build\n'}
[3.638211] (mail-delivery-robot) StdoutLine: {'line': b'running build_py\n'}
[3.639025] (mail-delivery-robot) StdoutLine: {'line': b'creating /home/capstone2526/cmdr_ws/src/carleton-mail-delivery-robot/build/mail-delivery-robot/build\n'}
[3.639611] (mail-delivery-robot) StdoutLine: {'line': b'creating /home/capstone2526/cmdr_ws/src/carleton-mail-delivery-robot/build/mail-delivery-robot/build/lib\n'}
[3.640198] (mail-delivery-robot) StdoutLine: {'line': b'creating /home/capstone2526/cmdr_ws/src/carleton-mail-delivery-robot/build/mail-delivery-robot/build/lib/src\n'}
[3.640834] (mail-delivery-robot) StdoutLine: {'line': b'creating /home/capstone2526/cmdr_ws/src/carleton-mail-delivery-robot/build/mail-delivery-robot/build/lib/src/sensors\n'}
[3.641296] (mail-delivery-robot) StdoutLine: {'line': b'copying src/sensors/__init__.py -> /home/capstone2526/cmdr_ws/src/carleton-mail-delivery-robot/build/mail-delivery-robot/build/lib/src/sensors\n'}
[3.641702] (mail-delivery-robot) StdoutLine: {'line': b'copying src/sensors/camera_sensor.py -> /home/capstone2526/cmdr_ws/src/carleton-mail-delivery-robot/build/mail-delivery-robot/build/lib/src/sensors\n'}
[3.642193] (mail-delivery-robot) StdoutLine: {'line': b'copying src/sensors/beacon_sensor.py -> /home/capstone2526/cmdr_ws/src/carleton-mail-delivery-robot/build/mail-delivery-robot/build/lib/src/sensors\n'}
[3.642869] (mail-delivery-robot) StdoutLine: {'line': b'copying src/sensors/bumper_sensor.py -> /home/capstone2526/cmdr_ws/src/carleton-mail-delivery-robot/build/mail-delivery-robot/build/lib/src/sensors\n'}
[3.643790] (mail-delivery-robot) StdoutLine: {'line': b'copying src/sensors/lidar_sensor.py -> /home/capstone2526/cmdr_ws/src/carleton-mail-delivery-robot/build/mail-delivery-robot/build/lib/src/sensors\n'}
[3.644680] (mail-delivery-robot) StdoutLine: {'line': b'copying src/sensors/navigation_unit.py -> /home/capstone2526/cmdr_ws/src/carleton-mail-delivery-robot/build/mail-delivery-robot/build/lib/src/sensors\n'}
[3.645531] (mail-delivery-robot) StdoutLine: {'line': b'copying src/sensors/intersection_detection_unit.py -> /home/capstone2526/cmdr_ws/src/carleton-mail-delivery-robot/build/mail-delivery-robot/build/lib/src/sensors\n'}
[3.646415] (mail-delivery-robot) StdoutLine: {'line': b'copying src/sensors/battery_monitor.py -> /home/capstone2526/cmdr_ws/src/carleton-mail-delivery-robot/build/mail-delivery-robot/build/lib/src/sensors\n'}
[3.647170] (mail-delivery-robot) StdoutLine: {'line': b'creating /home/capstone2526/cmdr_ws/src/carleton-mail-delivery-robot/build/mail-delivery-robot/build/lib/src/layers\n'}
[3.647764] (mail-delivery-robot) StdoutLine: {'line': b'copying src/layers/__init__.py -> /home/capstone2526/cmdr_ws/src/carleton-mail-delivery-robot/build/mail-delivery-robot/build/lib/src/layers\n'}
[3.648418] (mail-delivery-robot) StdoutLine: {'line': b'copying src/layers/avoidance_layer.py -> /home/capstone2526/cmdr_ws/src/carleton-mail-delivery-robot/build/mail-delivery-robot/build/lib/src/layers\n'}
[3.649286] (mail-delivery-robot) StdoutLine: {'line': b'copying src/layers/docking_layer.py -> /home/capstone2526/cmdr_ws/src/carleton-mail-delivery-robot/build/mail-delivery-robot/build/lib/src/layers\n'}
[3.650097] (mail-delivery-robot) StdoutLine: {'line': b'copying src/layers/travel_layer.py -> /home/capstone2526/cmdr_ws/src/carleton-mail-delivery-robot/build/mail-delivery-robot/build/lib/src/layers\n'}
[3.650977] (mail-delivery-robot) StdoutLine: {'line': b'copying src/layers/turning_layer.py -> /home/capstone2526/cmdr_ws/src/carleton-mail-delivery-robot/build/mail-delivery-robot/build/lib/src/layers\n'}
[3.651872] (mail-delivery-robot) StdoutLine: {'line': b'creating /home/capstone2526/cmdr_ws/src/carleton-mail-delivery-robot/build/mail-delivery-robot/build/lib/src/communication\n'}
[3.652451] (mail-delivery-robot) StdoutLine: {'line': b'copying src/communication/__init__.py -> /home/capstone2526/cmdr_ws/src/carleton-mail-delivery-robot/build/mail-delivery-robot/build/lib/src/communication\n'}
[3.653110] (mail-delivery-robot) StdoutLine: {'line': b'copying src/communication/client.py -> /home/capstone2526/cmdr_ws/src/carleton-mail-delivery-robot/build/mail-delivery-robot/build/lib/src/communication\n'}
[3.653951] (mail-delivery-robot) StdoutLine: {'line': b'copying src/communication/music_player.py -> /home/capstone2526/cmdr_ws/src/carleton-mail-delivery-robot/build/mail-delivery-robot/build/lib/src/communication\n'}
[3.654776] (mail-delivery-robot) StdoutLine: {'line': b'creating /home/capstone2526/cmdr_ws/src/carleton-mail-delivery-robot/build/mail-delivery-robot/build/lib/src/control\n'}
[3.655376] (mail-delivery-robot) StdoutLine: {'line': b'copying src/control/__init__.py -> /home/capstone2526/cmdr_ws/src/carleton-mail-delivery-robot/build/mail-delivery-robot/build/lib/src/control\n'}
[3.656024] (mail-delivery-robot) StdoutLine: {'line': b'copying src/control/captain.py -> /home/capstone2526/cmdr_ws/src/carleton-mail-delivery-robot/build/mail-delivery-robot/build/lib/src/control\n'}
[3.656876] (mail-delivery-robot) StdoutLine: {'line': b'copying src/control/ai_command.py -> /home/capstone2526/cmdr_ws/src/carleton-mail-delivery-robot/build/mail-delivery-robot/build/lib/src/control\n'}
[3.657701] (mail-delivery-robot) StdoutLine: {'line': b'copying src/control/report_generator.py -> /home/capstone2526/cmdr_ws/src/carleton-mail-delivery-robot/build/mail-delivery-robot/build/lib/src/control\n'}
[3.658537] (mail-delivery-robot) StdoutLine: {'line': b'copying src/control/action_translator.py -> /home/capstone2526/cmdr_ws/src/carleton-mail-delivery-robot/build/mail-delivery-robot/build/lib/src/control\n'}
[3.659236] (mail-delivery-robot) StdoutLine: {'line': b'creating /home/capstone2526/cmdr_ws/src/carleton-mail-delivery-robot/build/mail-delivery-robot/build/lib/src/tools\n'}
[3.659882] (mail-delivery-robot) StdoutLine: {'line': b'copying src/tools/__init__.py -> /home/capstone2526/cmdr_ws/src/carleton-mail-delivery-robot/build/mail-delivery-robot/build/lib/src/tools\n'}
[3.660554] (mail-delivery-robot) StdoutLine: {'line': b'copying src/tools/csv_parser.py -> /home/capstone2526/cmdr_ws/src/carleton-mail-delivery-robot/build/mail-delivery-robot/build/lib/src/tools\n'}
[3.661537] (mail-delivery-robot) StdoutLine: {'line': b'copying src/tools/map.py -> /home/capstone2526/cmdr_ws/src/carleton-mail-delivery-robot/build/mail-delivery-robot/build/lib/src/tools\n'}
[3.662334] (mail-delivery-robot) StdoutLine: {'line': b'copying src/tools/nav_parser.py -> /home/capstone2526/cmdr_ws/src/carleton-mail-delivery-robot/build/mail-delivery-robot/build/lib/src/tools\n'}
[3.663067] (mail-delivery-robot) StdoutLine: {'line': b'creating /home/capstone2526/cmdr_ws/src/carleton-mail-delivery-robot/build/mail-delivery-robot/build/lib/src/tests\n'}
[3.663640] (mail-delivery-robot) StdoutLine: {'line': b'copying src/tests/travel_analyzer.py -> /home/capstone2526/cmdr_ws/src/carleton-mail-delivery-robot/build/mail-delivery-robot/build/lib/src/tests\n'}
[3.664810] (mail-delivery-robot) StdoutLine: {'line': b'creating /home/capstone2526/cmdr_ws/src/carleton-mail-delivery-robot/build/mail-delivery-robot/build/lib/mail-delivery-robot\n'}
[3.665384] (mail-delivery-robot) StdoutLine: {'line': b'copying mail-delivery-robot/__init__.py -> /home/capstone2526/cmdr_ws/src/carleton-mail-delivery-robot/build/mail-delivery-robot/build/lib/mail-delivery-robot\n'}
[3.667410] (mail-delivery-robot) StdoutLine: {'line': b'running install\n'}
[3.668907] (mail-delivery-robot) StdoutLine: {'line': b'running install_lib\n'}
[3.671882] (mail-delivery-robot) StdoutLine: {'line': b'creating /home/capstone2526/cmdr_ws/src/carleton-mail-delivery-robot/install/mail-delivery-robot/lib/python3.10/site-packages/src\n'}
[3.672650] (mail-delivery-robot) StdoutLine: {'line': b'creating /home/capstone2526/cmdr_ws/src/carleton-mail-delivery-robot/install/mail-delivery-robot/lib/python3.10/site-packages/src/tools\n'}
[3.673205] (mail-delivery-robot) StdoutLine: {'line': b'copying /home/capstone2526/cmdr_ws/src/carleton-mail-delivery-robot/build/mail-delivery-robot/build/lib/src/tools/__init__.py -> /home/capstone2526/cmdr_ws/src/carleton-mail-delivery-robot/install/mail-delivery-robot/lib/python3.10/site-packages/src/tools\n'}
[3.674095] (mail-delivery-robot) StdoutLine: {'line': b'copying /home/capstone2526/cmdr_ws/src/carleton-mail-delivery-robot/build/mail-delivery-robot/build/lib/src/tools/nav_parser.py -> /home/capstone2526/cmdr_ws/src/carleton-mail-delivery-robot/install/mail-delivery-robot/lib/python3.10/site-packages/src/tools\n'}
[3.674983] (mail-delivery-robot) StdoutLine: {'line': b'copying /home/capstone2526/cmdr_ws/src/carleton-mail-delivery-robot/build/mail-delivery-robot/build/lib/src/tools/map.py -> /home/capstone2526/cmdr_ws/src/carleton-mail-delivery-robot/install/mail-delivery-robot/lib/python3.10/site-packages/src/tools\n'}
[3.675953] (mail-delivery-robot) StdoutLine: {'line': b'copying /home/capstone2526/cmdr_ws/src/carleton-mail-delivery-robot/build/mail-delivery-robot/build/lib/src/tools/csv_parser.py -> /home/capstone2526/cmdr_ws/src/carleton-mail-delivery-robot/install/mail-delivery-robot/lib/python3.10/site-packages/src/tools\n'}
[3.677069] (mail-delivery-robot) StdoutLine: {'line': b'creating /home/capstone2526/cmdr_ws/src/carleton-mail-delivery-robot/install/mail-delivery-robot/lib/python3.10/site-packages/src/control\n'}
[3.677608] (mail-delivery-robot) StdoutLine: {'line': b'copying /home/capstone2526/cmdr_ws/src/carleton-mail-delivery-robot/build/mail-delivery-robot/build/lib/src/control/__init__.py -> /home/capstone2526/cmdr_ws/src/carleton-mail-delivery-robot/install/mail-delivery-robot/lib/python3.10/site-packages/src/control\n'}
[3.678495] (mail-delivery-robot) StdoutLine: {'line': b'copying /home/capstone2526/cmdr_ws/src/carleton-mail-delivery-robot/build/mail-delivery-robot/build/lib/src/control/ai_command.py -> /home/capstone2526/cmdr_ws/src/carleton-mail-delivery-robot/install/mail-delivery-robot/lib/python3.10/site-packages/src/control\n'}
[3.679380] (mail-delivery-robot) StdoutLine: {'line': b'copying /home/capstone2526/cmdr_ws/src/carleton-mail-delivery-robot/build/mail-delivery-robot/build/lib/src/control/report_generator.py -> /home/capstone2526/cmdr_ws/src/carleton-mail-delivery-robot/install/mail-delivery-robot/lib/python3.10/site-packages/src/control\n'}
[3.680332] (mail-delivery-robot) StdoutLine: {'line': b'copying /home/capstone2526/cmdr_ws/src/carleton-mail-delivery-robot/build/mail-delivery-robot/build/lib/src/control/captain.py -> /home/capstone2526/cmdr_ws/src/carleton-mail-delivery-robot/install/mail-delivery-robot/lib/python3.10/site-packages/src/control\n'}
[3.681232] (mail-delivery-robot) StdoutLine: {'line': b'copying /home/capstone2526/cmdr_ws/src/carleton-mail-delivery-robot/build/mail-delivery-robot/build/lib/src/control/action_translator.py -> /home/capstone2526/cmdr_ws/src/carleton-mail-delivery-robot/install/mail-delivery-robot/lib/python3.10/site-packages/src/control\n'}
[3.682322] (mail-delivery-robot) StdoutLine: {'line': b'creating /home/capstone2526/cmdr_ws/src/carleton-mail-delivery-robot/install/mail-delivery-robot/lib/python3.10/site-packages/src/tests\n'}
[3.682934] (mail-delivery-robot) StdoutLine: {'line': b'copying /home/capstone2526/cmdr_ws/src/carleton-mail-delivery-robot/build/mail-delivery-robot/build/lib/src/tests/travel_analyzer.py -> /home/capstone2526/cmdr_ws/src/carleton-mail-delivery-robot/install/mail-delivery-robot/lib/python3.10/site-packages/src/tests\n'}
[3.684138] (mail-delivery-robot) StdoutLine: {'line': b'creating /home/capstone2526/cmdr_ws/src/carleton-mail-delivery-robot/install/mail-delivery-robot/lib/python3.10/site-packages/src/sensors\n'}
[3.684688] (mail-delivery-robot) StdoutLine: {'line': b'copying /home/capstone2526/cmdr_ws/src/carleton-mail-delivery-robot/build/mail-delivery-robot/build/lib/src/sensors/lidar_sensor.py -> /home/capstone2526/cmdr_ws/src/carleton-mail-delivery-robot/install/mail-delivery-robot/lib/python3.10/site-packages/src/sensors\n'}
[3.685666] (mail-delivery-robot) StdoutLine: {'line': b'copying /home/capstone2526/cmdr_ws/src/carleton-mail-delivery-robot/build/mail-delivery-robot/build/lib/src/sensors/navigation_unit.py -> /home/capstone2526/cmdr_ws/src/carleton-mail-delivery-robot/install/mail-delivery-robot/lib/python3.10/site-packages/src/sensors\n'}
[3.686600] (mail-delivery-robot) StdoutLine: {'line': b'copying /home/capstone2526/cmdr_ws/src/carleton-mail-delivery-robot/build/mail-delivery-robot/build/lib/src/sensors/battery_monitor.py -> /home/capstone2526/cmdr_ws/src/carleton-mail-delivery-robot/install/mail-delivery-robot/lib/python3.10/site-packages/src/sensors\n'}
[3.687501] (mail-delivery-robot) StdoutLine: {'line': b'copying /home/capstone2526/cmdr_ws/src/carleton-mail-delivery-robot/build/mail-delivery-robot/build/lib/src/sensors/__init__.py -> /home/capstone2526/cmdr_ws/src/carleton-mail-delivery-robot/install/mail-delivery-robot/lib/python3.10/site-packages/src/sensors\n'}
[3.688411] (mail-delivery-robot) StdoutLine: {'line': b'copying /home/capstone2526/cmdr_ws/src/carleton-mail-delivery-robot/build/mail-delivery-robot/build/lib/src/sensors/intersection_detection_unit.py -> /home/capstone2526/cmdr_ws/src/carleton-mail-delivery-robot/install/mail-delivery-robot/lib/python3.10/site-packages/src/sensors\n'}
[3.689414] (mail-delivery-robot) StdoutLine: {'line': b'copying /home/capstone2526/cmdr_ws/src/carleton-mail-delivery-robot/build/mail-delivery-robot/build/lib/src/sensors/beacon_sensor.py -> /home/capstone2526/cmdr_ws/src/carleton-mail-delivery-robot/install/mail-delivery-robot/lib/python3.10/site-packages/src/sensors\n'}
[3.690306] (mail-delivery-robot) StdoutLine: {'line': b'copying /home/capstone2526/cmdr_ws/src/carleton-mail-delivery-robot/build/mail-delivery-robot/build/lib/src/sensors/bumper_sensor.py -> /home/capstone2526/cmdr_ws/src/carleton-mail-delivery-robot/install/mail-delivery-robot/lib/python3.10/site-packages/src/sensors\n'}
[3.691201] (mail-delivery-robot) StdoutLine: {'line': b'copying /home/capstone2526/cmdr_ws/src/carleton-mail-delivery-robot/build/mail-delivery-robot/build/lib/src/sensors/camera_sensor.py -> /home/capstone2526/cmdr_ws/src/carleton-mail-delivery-robot/install/mail-delivery-robot/lib/python3.10/site-packages/src/sensors\n'}
[3.692386] (mail-delivery-robot) StdoutLine: {'line': b'creating /home/capstone2526/cmdr_ws/src/carleton-mail-delivery-robot/install/mail-delivery-robot/lib/python3.10/site-packages/src/layers\n'}
[3.692927] (mail-delivery-robot) StdoutLine: {'line': b'copying /home/capstone2526/cmdr_ws/src/carleton-mail-delivery-robot/build/mail-delivery-robot/build/lib/src/layers/__init__.py -> /home/capstone2526/cmdr_ws/src/carleton-mail-delivery-robot/install/mail-delivery-robot/lib/python3.10/site-packages/src/layers\n'}
[3.693786] (mail-delivery-robot) StdoutLine: {'line': b'copying /home/capstone2526/cmdr_ws/src/carleton-mail-delivery-robot/build/mail-delivery-robot/build/lib/src/layers/docking_layer.py -> /home/capstone2526/cmdr_ws/src/carleton-mail-delivery-robot/install/mail-delivery-robot/lib/python3.10/site-packages/src/layers\n'}
[3.694693] (mail-delivery-robot) StdoutLine: {'line': b'copying /home/capstone2526/cmdr_ws/src/carleton-mail-delivery-robot/build/mail-delivery-robot/build/lib/src/layers/travel_layer.py -> /home/capstone2526/cmdr_ws/src/carleton-mail-delivery-robot/install/mail-delivery-robot/lib/python3.10/site-packages/src/layers\n'}
[3.695674] (mail-delivery-robot) StdoutLine: {'line': b'copying /home/capstone2526/cmdr_ws/src/carleton-mail-delivery-robot/build/mail-delivery-robot/build/lib/src/layers/avoidance_layer.py -> /home/capstone2526/cmdr_ws/src/carleton-mail-delivery-robot/install/mail-delivery-robot/lib/python3.10/site-packages/src/layers\n'}
[3.696649] (mail-delivery-robot) StdoutLine: {'line': b'copying /home/capstone2526/cmdr_ws/src/carleton-mail-delivery-robot/build/mail-delivery-robot/build/lib/src/layers/turning_layer.py -> /home/capstone2526/cmdr_ws/src/carleton-mail-delivery-robot/install/mail-delivery-robot/lib/python3.10/site-packages/src/layers\n'}
[3.697823] (mail-delivery-robot) StdoutLine: {'line': b'creating /home/capstone2526/cmdr_ws/src/carleton-mail-delivery-robot/install/mail-delivery-robot/lib/python3.10/site-packages/src/communication\n'}
[3.698379] (mail-delivery-robot) StdoutLine: {'line': b'copying /home/capstone2526/cmdr_ws/src/carleton-mail-delivery-robot/build/mail-delivery-robot/build/lib/src/communication/__init__.py -> /home/capstone2526/cmdr_ws/src/carleton-mail-delivery-robot/install/mail-delivery-robot/lib/python3.10/site-packages/src/communication\n'}
[3.699252] (mail-delivery-robot) StdoutLine: {'line': b'copying /home/capstone2526/cmdr_ws/src/carleton-mail-delivery-robot/build/mail-delivery-robot/build/lib/src/communication/client.py -> /home/capstone2526/cmdr_ws/src/carleton-mail-delivery-robot/install/mail-delivery-robot/lib/python3.10/site-packages/src/communication\n'}
[3.700212] (mail-delivery-robot) StdoutLine: {'line': b'copying /home/capstone2526/cmdr_ws/src/carleton-mail-delivery-robot/build/mail-delivery-robot/build/lib/src/communication/music_player.py -> /home/capstone2526/cmdr_ws/src/carleton-mail-delivery-robot/install/mail-delivery-robot/lib/python3.10/site-packages/src/communication\n'}
[3.701387] (mail-delivery-robot) StdoutLine: {'line': b'creating /home/capstone2526/cmdr_ws/src/carleton-mail-delivery-robot/install/mail-delivery-robot/lib/python3.10/site-packages/mail-delivery-robot\n'}
[3.701967] (mail-delivery-robot) StdoutLine: {'line': b'copying /home/capstone2526/cmdr_ws/src/carleton-mail-delivery-robot/build/mail-delivery-robot/build/lib/mail-delivery-robot/__init__.py -> /home/capstone2526/cmdr_ws/src/carleton-mail-delivery-robot/install/mail-delivery-robot/lib/python3.10/site-packages/mail-delivery-robot\n'}
[3.704625] (mail-delivery-robot) StdoutLine: {'line': b'byte-compiling /home/capstone2526/cmdr_ws/src/carleton-mail-delivery-robot/install/mail-delivery-robot/lib/python3.10/site-packages/src/tools/__init__.py to __init__.cpython-310.pyc\n'}
[3.706169] (mail-delivery-robot) StdoutLine: {'line': b'byte-compiling /home/capstone2526/cmdr_ws/src/carleton-mail-delivery-robot/install/mail-delivery-robot/lib/python3.10/site-packages/src/tools/nav_parser.py to nav_parser.cpython-310.pyc\n'}
[3.708939] (mail-delivery-robot) StdoutLine: {'line': b'byte-compiling /home/capstone2526/cmdr_ws/src/carleton-mail-delivery-robot/install/mail-delivery-robot/lib/python3.10/site-packages/src/tools/map.py to map.cpython-310.pyc\n'}
[3.710766] (mail-delivery-robot) StdoutLine: {'line': b'byte-compiling /home/capstone2526/cmdr_ws/src/carleton-mail-delivery-robot/install/mail-delivery-robot/lib/python3.10/site-packages/src/tools/csv_parser.py to csv_parser.cpython-310.pyc\n'}
[3.712793] (mail-delivery-robot) StdoutLine: {'line': b'byte-compiling /home/capstone2526/cmdr_ws/src/carleton-mail-delivery-robot/install/mail-delivery-robot/lib/python3.10/site-packages/src/control/__init__.py to __init__.cpython-310.pyc\n'}
[3.714235] (mail-delivery-robot) StdoutLine: {'line': b'byte-compiling /home/capstone2526/cmdr_ws/src/carleton-mail-delivery-robot/install/mail-delivery-robot/lib/python3.10/site-packages/src/control/ai_command.py to ai_command.cpython-310.pyc\n'}
[3.717495] (mail-delivery-robot) StdoutLine: {'line': b'byte-compiling /home/capstone2526/cmdr_ws/src/carleton-mail-delivery-robot/install/mail-delivery-robot/lib/python3.10/site-packages/src/control/report_generator.py to report_generator.cpython-310.pyc\n'}
[3.719914] (mail-delivery-robot) StdoutLine: {'line': b'byte-compiling /home/capstone2526/cmdr_ws/src/carleton-mail-delivery-robot/install/mail-delivery-robot/lib/python3.10/site-packages/src/control/captain.py to captain.cpython-310.pyc\n'}
[3.722601] (-) TimerEvent: {}
[3.723393] (mail-delivery-robot) StdoutLine: {'line': b'byte-compiling /home/capstone2526/cmdr_ws/src/carleton-mail-delivery-robot/install/mail-delivery-robot/lib/python3.10/site-packages/src/control/action_translator.py to action_translator.cpython-310.pyc\n'}
[3.725834] (mail-delivery-robot) StdoutLine: {'line': b'byte-compiling /home/capstone2526/cmdr_ws/src/carleton-mail-delivery-robot/install/mail-delivery-robot/lib/python3.10/site-packages/src/tests/travel_analyzer.py to travel_analyzer.cpython-310.pyc\n'}
[3.729478] (mail-delivery-robot) StdoutLine: {'line': b'byte-compiling /home/capstone2526/cmdr_ws/src/carleton-mail-delivery-robot/install/mail-delivery-robot/lib/python3.10/site-packages/src/sensors/lidar_sensor.py to lidar_sensor.cpython-310.pyc\n'}
[3.733421] (mail-delivery-robot) StdoutLine: {'line': b'byte-compiling /home/capstone2526/cmdr_ws/src/carleton-mail-delivery-robot/install/mail-delivery-robot/lib/python3.10/site-packages/src/sensors/navigation_unit.py to navigation_unit.cpython-310.pyc\n'}
[3.736745] (mail-delivery-robot) StdoutLine: {'line': b'byte-compiling /home/capstone2526/cmdr_ws/src/carleton-mail-delivery-robot/install/mail-delivery-robot/lib/python3.10/site-packages/src/sensors/battery_monitor.py to battery_monitor.cpython-310.pyc\n'}
[3.739966] (mail-delivery-robot) StdoutLine: {'line': b'byte-compiling /home/capstone2526/cmdr_ws/src/carleton-mail-delivery-robot/install/mail-delivery-robot/lib/python3.10/site-packages/src/sensors/__init__.py to __init__.cpython-310.pyc\n'}
[3.741331] (mail-delivery-robot) StdoutLine: {'line': b'byte-compiling /home/capstone2526/cmdr_ws/src/carleton-mail-delivery-robot/install/mail-delivery-robot/lib/python3.10/site-packages/src/sensors/intersection_detection_unit.py to intersection_detection_unit.cpython-310.pyc\n'}
[3.744683] (mail-delivery-robot) StdoutLine: {'line': b'byte-compiling /home/capstone2526/cmdr_ws/src/carleton-mail-delivery-robot/install/mail-delivery-robot/lib/python3.10/site-packages/src/sensors/beacon_sensor.py to beacon_sensor.cpython-310.pyc\n'}
[3.747780] (mail-delivery-robot) StdoutLine: {'line': b'byte-compiling /home/capstone2526/cmdr_ws/src/carleton-mail-delivery-robot/install/mail-delivery-robot/lib/python3.10/site-packages/src/sensors/bumper_sensor.py to bumper_sensor.cpython-310.pyc\n'}
[3.750414] (mail-delivery-robot) StdoutLine: {'line': b'byte-compiling /home/capstone2526/cmdr_ws/src/carleton-mail-delivery-robot/install/mail-delivery-robot/lib/python3.10/site-packages/src/sensors/camera_sensor.py to camera_sensor.cpython-310.pyc\n'}
[3.753161] (mail-delivery-robot) StdoutLine: {'line': b'byte-compiling /home/capstone2526/cmdr_ws/src/carleton-mail-delivery-robot/install/mail-delivery-robot/lib/python3.10/site-packages/src/layers/__init__.py to __init__.cpython-310.pyc\n'}
[3.754654] (mail-delivery-robot) StdoutLine: {'line': b'byte-compiling /home/capstone2526/cmdr_ws/src/carleton-mail-delivery-robot/install/mail-delivery-robot/lib/python3.10/site-packages/src/layers/docking_layer.py to docking_layer.cpython-310.pyc\n'}
[3.757551] (mail-delivery-robot) StdoutLine: {'line': b'byte-compiling /home/capstone2526/cmdr_ws/src/carleton-mail-delivery-robot/install/mail-delivery-robot/lib/python3.10/site-packages/src/layers/travel_layer.py to travel_layer.cpython-310.pyc\n'}
[3.761841] (mail-delivery-robot) StdoutLine: {'line': b'byte-compiling /home/capstone2526/cmdr_ws/src/carleton-mail-delivery-robot/install/mail-delivery-robot/lib/python3.10/site-packages/src/layers/avoidance_layer.py to avoidance_layer.cpython-310.pyc\n'}
[3.765478] (mail-delivery-robot) StdoutLine: {'line': b'byte-compiling /home/capstone2526/cmdr_ws/src/carleton-mail-delivery-robot/install/mail-delivery-robot/lib/python3.10/site-packages/src/layers/turning_layer.py to turning_layer.cpython-310.pyc\n'}
[3.768650] (mail-delivery-robot) StdoutLine: {'line': b'byte-compiling /home/capstone2526/cmdr_ws/src/carleton-mail-delivery-robot/install/mail-delivery-robot/lib/python3.10/site-packages/src/communication/__init__.py to __init__.cpython-310.pyc\n'}
[3.770141] (mail-delivery-robot) StdoutLine: {'line': b'byte-compiling /home/capstone2526/cmdr_ws/src/carleton-mail-delivery-robot/install/mail-delivery-robot/lib/python3.10/site-packages/src/communication/client.py to client.cpython-310.pyc\n'}
[3.771480] (mail-delivery-robot) StdoutLine: {'line': b'byte-compiling /home/capstone2526/cmdr_ws/src/carleton-mail-delivery-robot/install/mail-delivery-robot/lib/python3.10/site-packages/src/communication/music_player.py to music_player.cpython-310.pyc\n'}
[3.776675] (mail-delivery-robot) StdoutLine: {'line': b'byte-compiling /home/capstone2526/cmdr_ws/src/carleton-mail-delivery-robot/install/mail-delivery-robot/lib/python3.10/site-packages/mail-delivery-robot/__init__.py to __init__.cpython-310.pyc\n'}
[3.778015] (mail-delivery-robot) StdoutLine: {'line': b'running install_data\n'}
[3.778552] (mail-delivery-robot) StdoutLine: {'line': b'creating /home/capstone2526/cmdr_ws/src/carleton-mail-delivery-robot/install/mail-delivery-robot/share/ament_index\n'}
[3.779030] (mail-delivery-robot) StdoutLine: {'line': b'creating /home/capstone2526/cmdr_ws/src/carleton-mail-delivery-robot/install/mail-delivery-robot/share/ament_index/resource_index\n'}
[3.779571] (mail-delivery-robot) StdoutLine: {'line': b'creating /home/capstone2526/cmdr_ws/src/carleton-mail-delivery-robot/install/mail-delivery-robot/share/ament_index/resource_index/packages\n'}
[3.780065] (mail-delivery-robot) StdoutLine: {'line': b'copying resource/mail-delivery-robot -> /home/capstone2526/cmdr_ws/src/carleton-mail-delivery-robot/install/mail-delivery-robot/share/ament_index/resource_index/packages\n'}
[3.780549] (mail-delivery-robot) StdoutLine: {'line': b'copying package.xml -> /home/capstone2526/cmdr_ws/src/carleton-mail-delivery-robot/install/mail-delivery-robot/share/mail-delivery-robot\n'}
[3.781260] (mail-delivery-robot) StdoutLine: {'line': b'creating /home/capstone2526/cmdr_ws/src/carleton-mail-delivery-robot/install/mail-delivery-robot/lib/mail-delivery-robot\n'}
[3.781777] (mail-delivery-robot) StdoutLine: {'line': b'creating /home/capstone2526/cmdr_ws/src/carleton-mail-delivery-robot/install/mail-delivery-robot/lib/mail-delivery-robot/config\n'}
[3.782294] (mail-delivery-robot) StdoutLine: {'line': b'copying src/config/config.csv -> /home/capstone2526/cmdr_ws/src/carleton-mail-delivery-robot/install/mail-delivery-robot/lib/mail-delivery-robot/config\n'}
[3.782793] (mail-delivery-robot) StdoutLine: {'line': b'copying src/config/map.csv -> /home/capstone2526/cmdr_ws/src/carleton-mail-delivery-robot/install/mail-delivery-robot/lib/mail-delivery-robot/config\n'}
[3.783638] (mail-delivery-robot) StdoutLine: {'line': b'copying src/config/battery_config.csv -> /home/capstone2526/cmdr_ws/src/carleton-mail-delivery-robot/install/mail-delivery-robot/lib/mail-delivery-robot/config\n'}
[3.784408] (mail-delivery-robot) StdoutLine: {'line': b'copying src/config/beacons.csv -> /home/capstone2526/cmdr_ws/src/carleton-mail-delivery-robot/install/mail-delivery-robot/lib/mail-delivery-robot/config\n'}
[3.785154] (mail-delivery-robot) StdoutLine: {'line': b'copying src/config/beacon_connections.csv -> /home/capstone2526/cmdr_ws/src/carleton-mail-delivery-robot/install/mail-delivery-robot/lib/mail-delivery-robot/config\n'}
[3.785946] (mail-delivery-robot) StdoutLine: {'line': b'creating /home/capstone2526/cmdr_ws/src/carleton-mail-delivery-robot/install/mail-delivery-robot/share/mail-delivery-robot/launch\n'}
[3.786481] (mail-delivery-robot) StdoutLine: {'line': b'copying launch/analysis.launch.py -> /home/capstone2526/cmdr_ws/src/carleton-mail-delivery-robot/install/mail-delivery-robot/share/mail-delivery-robot/launch\n'}
[3.787268] (mail-delivery-robot) StdoutLine: {'line': b'copying launch/fair_demo.launch.py -> /home/capstone2526/cmdr_ws/src/carleton-mail-delivery-robot/install/mail-delivery-robot/share/mail-delivery-robot/launch\n'}
[3.788211] (mail-delivery-robot) StdoutLine: {'line': b'copying launch/robot_with_music.launch.py -> /home/capstone2526/cmdr_ws/src/carleton-mail-delivery-robot/install/mail-delivery-robot/share/mail-delivery-robot/launch\n'}
[3.789050] (mail-delivery-robot) StdoutLine: {'line': b'copying launch/robot.launch.py -> /home/capstone2526/cmdr_ws/src/carleton-mail-delivery-robot/install/mail-delivery-robot/share/mail-delivery-robot/launch\n'}
[3.789620] (mail-delivery-robot) StdoutLine: {'line': b'running install_egg_info\n'}
[3.796815] (mail-delivery-robot) StdoutLine: {'line': b'Copying ../build/mail-delivery-robot/mail_delivery_robot.egg-info to /home/capstone2526/cmdr_ws/src/carleton-mail-delivery-robot/install/mail-delivery-robot/lib/python3.10/site-packages/mail_delivery_robot-0.0.0-py3.10.egg-info\n'}
[3.803370] (mail-delivery-robot) StdoutLine: {'line': b'running install_scripts\n'}
[3.822835] (-) TimerEvent: {}
[3.888086] (mail-delivery-robot) StdoutLine: {'line': b'Installing ai_command script to /home/capstone2526/cmdr_ws/src/carleton-mail-delivery-robot/install/mail-delivery-robot/lib/mail-delivery-robot\n'}
[3.888813] (mail-delivery-robot) StdoutLine: {'line': b'Installing avoidance_layer script to /home/capstone2526/cmdr_ws/src/carleton-mail-delivery-robot/install/mail-delivery-robot/lib/mail-delivery-robot\n'}
[3.889471] (mail-delivery-robot) StdoutLine: {'line': b'Installing battery_monitor script to /home/capstone2526/cmdr_ws/src/carleton-mail-delivery-robot/install/mail-delivery-robot/lib/mail-delivery-robot\n'}
[3.890139] (mail-delivery-robot) StdoutLine: {'line': b'Installing beacon_sensor script to /home/capstone2526/cmdr_ws/src/carleton-mail-delivery-robot/install/mail-delivery-robot/lib/mail-delivery-robot\n'}
[3.890776] (mail-delivery-robot) StdoutLine: {'line': b'Installing bumper_sensor script to /home/capstone2526/cmdr_ws/src/carleton-mail-delivery-robot/install/mail-delivery-robot/lib/mail-delivery-robot\n'}
[3.891427] (mail-delivery-robot) StdoutLine: {'line': b'Installing camera_sensor script to /home/capstone2526/cmdr_ws/src/carleton-mail-delivery-robot/install/mail-delivery-robot/lib/mail-delivery-robot\n'}
[3.892119] (mail-delivery-robot) StdoutLine: {'line': b'Installing captain script to /home/capstone2526/cmdr_ws/src/carleton-mail-delivery-robot/install/mail-delivery-robot/lib/mail-delivery-robot\n'}
[3.892751] (mail-delivery-robot) StdoutLine: {'line': b'Installing client script to /home/capstone2526/cmdr_ws/src/carleton-mail-delivery-robot/install/mail-delivery-robot/lib/mail-delivery-robot\n'}
[3.893372] (mail-delivery-robot) StdoutLine: {'line': b'Installing csv_parser script to /home/capstone2526/cmdr_ws/src/carleton-mail-delivery-robot/install/mail-delivery-robot/lib/mail-delivery-robot\n'}
[3.894002] (mail-delivery-robot) StdoutLine: {'line': b'Installing docking_layer script to /home/capstone2526/cmdr_ws/src/carleton-mail-delivery-robot/install/mail-delivery-robot/lib/mail-delivery-robot\n'}
[3.894621] (mail-delivery-robot) StdoutLine: {'line': b'Installing intersection_detection_unit script to /home/capstone2526/cmdr_ws/src/carleton-mail-delivery-robot/install/mail-delivery-robot/lib/mail-delivery-robot\n'}
[3.895250] (mail-delivery-robot) StdoutLine: {'line': b'Installing lidar_sensor script to /home/capstone2526/cmdr_ws/src/carleton-mail-delivery-robot/install/mail-delivery-robot/lib/mail-delivery-robot\n'}
[3.895920] (mail-delivery-robot) StdoutLine: {'line': b'Installing map script to /home/capstone2526/cmdr_ws/src/carleton-mail-delivery-robot/install/mail-delivery-robot/lib/mail-delivery-robot\n'}
[3.896534] (mail-delivery-robot) StdoutLine: {'line': b'Installing music_player script to /home/capstone2526/cmdr_ws/src/carleton-mail-delivery-robot/install/mail-delivery-robot/lib/mail-delivery-robot\n'}
[3.897150] (mail-delivery-robot) StdoutLine: {'line': b'Installing nav_parser script to /home/capstone2526/cmdr_ws/src/carleton-mail-delivery-robot/install/mail-delivery-robot/lib/mail-delivery-robot\n'}
[3.897795] (mail-delivery-robot) StdoutLine: {'line': b'Installing navigation_unit script to /home/capstone2526/cmdr_ws/src/carleton-mail-delivery-robot/install/mail-delivery-robot/lib/mail-delivery-robot\n'}
[3.898405] (mail-delivery-robot) StdoutLine: {'line': b'Installing report_generator script to /home/capstone2526/cmdr_ws/src/carleton-mail-delivery-robot/install/mail-delivery-robot/lib/mail-delivery-robot\n'}
[3.899075] (mail-delivery-robot) StdoutLine: {'line': b'Installing travel_analyzer script to /home/capstone2526/cmdr_ws/src/carleton-mail-delivery-robot/install/mail-delivery-robot/lib/mail-delivery-robot\n'}
[3.899726] (mail-delivery-robot) StdoutLine: {'line': b'Installing travel_layer script to /home/capstone2526/cmdr_ws/src/carleton-mail-delivery-robot/install/mail-delivery-robot/lib/mail-delivery-robot\n'}
[3.900342] (mail-delivery-robot) StdoutLine: {'line': b'Installing turning_layer script to /home/capstone2526/cmdr_ws/src/carleton-mail-delivery-robot/install/mail-delivery-robot/lib/mail-delivery-robot\n'}
[3.903754] (mail-delivery-robot) StdoutLine: {'line': b"writing list of installed files to '/home/capstone2526/cmdr_ws/src/carleton-mail-delivery-robot/build/mail-delivery-robot/install.log'\n"}
[3.923092] (-) TimerEvent: {}
[4.013992] (mail-delivery-robot) CommandEnded: {'returncode': 0}
[4.023229] (-) TimerEvent: {}
[4.070843] (mail-delivery-robot) JobEnded: {'identifier': 'mail-delivery-robot', 'rc': 0}
[4.073749] (-) EventReactorShutdown: {}
