[3.241s] Invoking command in '/home/capstone2526/cmdr_ws/src/carleton-mail-delivery-robot/mail-delivery-robot': PYTHONPATH=/home/capstone2526/cmdr_ws/src/carleton-mail-delivery-robot/mail-delivery-robot/build/mail-delivery-robot/prefix_override:/usr/lib/python3/dist-packages/colcon_core/task/python/colcon_distutils_commands:/home/capstone2526/cmdr_ws/src/carleton-mail-delivery-robot/mail-delivery-robot/install/mail-delivery-robot/lib/python3.10/site-packages: /usr/bin/python3 -W ignore:setup.py install is deprecated -W ignore:easy_install command is deprecated setup.py egg_info --egg-base build/mail-delivery-robot build --build-base /home/capstone2526/cmdr_ws/src/carleton-mail-delivery-robot/mail-delivery-robot/build/mail-delivery-robot/build install --record /home/capstone2526/cmdr_ws/src/carleton-mail-delivery-robot/mail-delivery-robot/build/mail-delivery-robot/install.log --single-version-externally-managed install_data
[4.224s] running egg_info
[4.228s] creating build/mail-delivery-robot/mail_delivery_robot.egg-info
[4.228s] writing build/mail-delivery-robot/mail_delivery_robot.egg-info/PKG-INFO
[4.229s] writing dependency_links to build/mail-delivery-robot/mail_delivery_robot.egg-info/dependency_links.txt
[4.231s] writing entry points to build/mail-delivery-robot/mail_delivery_robot.egg-info/entry_points.txt
[4.231s] writing requirements to build/mail-delivery-robot/mail_delivery_robot.egg-info/requires.txt
[4.232s] writing top-level names to build/mail-delivery-robot/mail_delivery_robot.egg-info/top_level.txt
[4.233s] writing manifest file 'build/mail-delivery-robot/mail_delivery_robot.egg-info/SOURCES.txt'
[4.239s] package init file 'src/tests/__init__.py' not found (or not a regular file)
[4.242s] reading manifest file 'build/mail-delivery-robot/mail_delivery_robot.egg-info/SOURCES.txt'
[4.243s] adding license file 'LICENSE'
[4.247s] writing manifest file 'build/mail-delivery-robot/mail_delivery_robot.egg-info/SOURCES.txt'
[4.248s] running build
[4.248s] running build_py
[4.249s] creating /home/capstone2526/cmdr_ws/src/carleton-mail-delivery-robot/mail-delivery-robot/build/mail-delivery-robot/build
[4.250s] creating /home/capstone2526/cmdr_ws/src/carleton-mail-delivery-robot/mail-delivery-robot/build/mail-delivery-robot/build/lib
[4.250s] creating /home/capstone2526/cmdr_ws/src/carleton-mail-delivery-robot/mail-delivery-robot/build/mail-delivery-robot/build/lib/src
[4.251s] creating /home/capstone2526/cmdr_ws/src/carleton-mail-delivery-robot/mail-delivery-robot/build/mail-delivery-robot/build/lib/src/sensors
[4.251s] copying src/sensors/__init__.py -> /home/capstone2526/cmdr_ws/src/carleton-mail-delivery-robot/mail-delivery-robot/build/mail-delivery-robot/build/lib/src/sensors
[4.252s] copying src/sensors/camera_sensor.py -> /home/capstone2526/cmdr_ws/src/carleton-mail-delivery-robot/mail-delivery-robot/build/mail-delivery-robot/build/lib/src/sensors
[4.253s] copying src/sensors/beacon_sensor.py -> /home/capstone2526/cmdr_ws/src/carleton-mail-delivery-robot/mail-delivery-robot/build/mail-delivery-robot/build/lib/src/sensors
[4.255s] copying src/sensors/bumper_sensor.py -> /home/capstone2526/cmdr_ws/src/carleton-mail-delivery-robot/mail-delivery-robot/build/mail-delivery-robot/build/lib/src/sensors
[4.256s] copying src/sensors/lidar_sensor.py -> /home/capstone2526/cmdr_ws/src/carleton-mail-delivery-robot/mail-delivery-robot/build/mail-delivery-robot/build/lib/src/sensors
[4.258s] copying src/sensors/navigation_unit.py -> /home/capstone2526/cmdr_ws/src/carleton-mail-delivery-robot/mail-delivery-robot/build/mail-delivery-robot/build/lib/src/sensors
[4.259s] copying src/sensors/intersection_detection_unit.py -> /home/capstone2526/cmdr_ws/src/carleton-mail-delivery-robot/mail-delivery-robot/build/mail-delivery-robot/build/lib/src/sensors
[4.261s] copying src/sensors/battery_monitor.py -> /home/capstone2526/cmdr_ws/src/carleton-mail-delivery-robot/mail-delivery-robot/build/mail-delivery-robot/build/lib/src/sensors
[4.263s] creating /home/capstone2526/cmdr_ws/src/carleton-mail-delivery-robot/mail-delivery-robot/build/mail-delivery-robot/build/lib/src/layers
[4.264s] copying src/layers/__init__.py -> /home/capstone2526/cmdr_ws/src/carleton-mail-delivery-robot/mail-delivery-robot/build/mail-delivery-robot/build/lib/src/layers
[4.265s] copying src/layers/avoidance_layer.py -> /home/capstone2526/cmdr_ws/src/carleton-mail-delivery-robot/mail-delivery-robot/build/mail-delivery-robot/build/lib/src/layers
[4.267s] copying src/layers/docking_layer.py -> /home/capstone2526/cmdr_ws/src/carleton-mail-delivery-robot/mail-delivery-robot/build/mail-delivery-robot/build/lib/src/layers
[4.268s] copying src/layers/travel_layer.py -> /home/capstone2526/cmdr_ws/src/carleton-mail-delivery-robot/mail-delivery-robot/build/mail-delivery-robot/build/lib/src/layers
[4.270s] copying src/layers/turning_layer.py -> /home/capstone2526/cmdr_ws/src/carleton-mail-delivery-robot/mail-delivery-robot/build/mail-delivery-robot/build/lib/src/layers
[4.272s] creating /home/capstone2526/cmdr_ws/src/carleton-mail-delivery-robot/mail-delivery-robot/build/mail-delivery-robot/build/lib/src/communication
[4.272s] copying src/communication/__init__.py -> /home/capstone2526/cmdr_ws/src/carleton-mail-delivery-robot/mail-delivery-robot/build/mail-delivery-robot/build/lib/src/communication
[4.273s] copying src/communication/client.py -> /home/capstone2526/cmdr_ws/src/carleton-mail-delivery-robot/mail-delivery-robot/build/mail-delivery-robot/build/lib/src/communication
[4.275s] copying src/communication/music_player.py -> /home/capstone2526/cmdr_ws/src/carleton-mail-delivery-robot/mail-delivery-robot/build/mail-delivery-robot/build/lib/src/communication
[4.277s] creating /home/capstone2526/cmdr_ws/src/carleton-mail-delivery-robot/mail-delivery-robot/build/mail-delivery-robot/build/lib/src/control
[4.277s] copying src/control/__init__.py -> /home/capstone2526/cmdr_ws/src/carleton-mail-delivery-robot/mail-delivery-robot/build/mail-delivery-robot/build/lib/src/control
[4.278s] copying src/control/captain.py -> /home/capstone2526/cmdr_ws/src/carleton-mail-delivery-robot/mail-delivery-robot/build/mail-delivery-robot/build/lib/src/control
[4.280s] copying src/control/ai_command.py -> /home/capstone2526/cmdr_ws/src/carleton-mail-delivery-robot/mail-delivery-robot/build/mail-delivery-robot/build/lib/src/control
[4.282s] copying src/control/report_generator.py -> /home/capstone2526/cmdr_ws/src/carleton-mail-delivery-robot/mail-delivery-robot/build/mail-delivery-robot/build/lib/src/control
[4.283s] copying src/control/action_translator.py -> /home/capstone2526/cmdr_ws/src/carleton-mail-delivery-robot/mail-delivery-robot/build/mail-delivery-robot/build/lib/src/control
[4.285s] creating /home/capstone2526/cmdr_ws/src/carleton-mail-delivery-robot/mail-delivery-robot/build/mail-delivery-robot/build/lib/src/tools
[4.285s] copying src/tools/__init__.py -> /home/capstone2526/cmdr_ws/src/carleton-mail-delivery-robot/mail-delivery-robot/build/mail-delivery-robot/build/lib/src/tools
[4.286s] copying src/tools/csv_parser.py -> /home/capstone2526/cmdr_ws/src/carleton-mail-delivery-robot/mail-delivery-robot/build/mail-delivery-robot/build/lib/src/tools
[4.288s] copying src/tools/map.py -> /home/capstone2526/cmdr_ws/src/carleton-mail-delivery-robot/mail-delivery-robot/build/mail-delivery-robot/build/lib/src/tools
[4.289s] copying src/tools/nav_parser.py -> /home/capstone2526/cmdr_ws/src/carleton-mail-delivery-robot/mail-delivery-robot/build/mail-delivery-robot/build/lib/src/tools
[4.291s] creating /home/capstone2526/cmdr_ws/src/carleton-mail-delivery-robot/mail-delivery-robot/build/mail-delivery-robot/build/lib/src/tests
[4.291s] copying src/tests/travel_analyzer.py -> /home/capstone2526/cmdr_ws/src/carleton-mail-delivery-robot/mail-delivery-robot/build/mail-delivery-robot/build/lib/src/tests
[4.293s] creating /home/capstone2526/cmdr_ws/src/carleton-mail-delivery-robot/mail-delivery-robot/build/mail-delivery-robot/build/lib/mail-delivery-robot
[4.294s] copying mail-delivery-robot/__init__.py -> /home/capstone2526/cmdr_ws/src/carleton-mail-delivery-robot/mail-delivery-robot/build/mail-delivery-robot/build/lib/mail-delivery-robot
[4.296s] running install
[4.298s] running install_lib
[4.301s] creating /home/capstone2526/cmdr_ws/src/carleton-mail-delivery-robot/mail-delivery-robot/install/mail-delivery-robot/lib/python3.10/site-packages/src
[4.302s] creating /home/capstone2526/cmdr_ws/src/carleton-mail-delivery-robot/mail-delivery-robot/install/mail-delivery-robot/lib/python3.10/site-packages/src/tools
[4.303s] copying /home/capstone2526/cmdr_ws/src/carleton-mail-delivery-robot/mail-delivery-robot/build/mail-delivery-robot/build/lib/src/tools/__init__.py -> /home/capstone2526/cmdr_ws/src/carleton-mail-delivery-robot/mail-delivery-robot/install/mail-delivery-robot/lib/python3.10/site-packages/src/tools
[4.304s] copying /home/capstone2526/cmdr_ws/src/carleton-mail-delivery-robot/mail-delivery-robot/build/mail-delivery-robot/build/lib/src/tools/nav_parser.py -> /home/capstone2526/cmdr_ws/src/carleton-mail-delivery-robot/mail-delivery-robot/install/mail-delivery-robot/lib/python3.10/site-packages/src/tools
[4.305s] copying /home/capstone2526/cmdr_ws/src/carleton-mail-delivery-robot/mail-delivery-robot/build/mail-delivery-robot/build/lib/src/tools/map.py -> /home/capstone2526/cmdr_ws/src/carleton-mail-delivery-robot/mail-delivery-robot/install/mail-delivery-robot/lib/python3.10/site-packages/src/tools
[4.306s] copying /home/capstone2526/cmdr_ws/src/carleton-mail-delivery-robot/mail-delivery-robot/build/mail-delivery-robot/build/lib/src/tools/csv_parser.py -> /home/capstone2526/cmdr_ws/src/carleton-mail-delivery-robot/mail-delivery-robot/install/mail-delivery-robot/lib/python3.10/site-packages/src/tools
[4.307s] creating /home/capstone2526/cmdr_ws/src/carleton-mail-delivery-robot/mail-delivery-robot/install/mail-delivery-robot/lib/python3.10/site-packages/src/control
[4.308s] copying /home/capstone2526/cmdr_ws/src/carleton-mail-delivery-robot/mail-delivery-robot/build/mail-delivery-robot/build/lib/src/control/__init__.py -> /home/capstone2526/cmdr_ws/src/carleton-mail-delivery-robot/mail-delivery-robot/install/mail-delivery-robot/lib/python3.10/site-packages/src/control
[4.309s] copying /home/capstone2526/cmdr_ws/src/carleton-mail-delivery-robot/mail-delivery-robot/build/mail-delivery-robot/build/lib/src/control/ai_command.py -> /home/capstone2526/cmdr_ws/src/carleton-mail-delivery-robot/mail-delivery-robot/install/mail-delivery-robot/lib/python3.10/site-packages/src/control
[4.309s] copying /home/capstone2526/cmdr_ws/src/carleton-mail-delivery-robot/mail-delivery-robot/build/mail-delivery-robot/build/lib/src/control/report_generator.py -> /home/capstone2526/cmdr_ws/src/carleton-mail-delivery-robot/mail-delivery-robot/install/mail-delivery-robot/lib/python3.10/site-packages/src/control
[4.310s] copying /home/capstone2526/cmdr_ws/src/carleton-mail-delivery-robot/mail-delivery-robot/build/mail-delivery-robot/build/lib/src/control/captain.py -> /home/capstone2526/cmdr_ws/src/carleton-mail-delivery-robot/mail-delivery-robot/install/mail-delivery-robot/lib/python3.10/site-packages/src/control
[4.311s] copying /home/capstone2526/cmdr_ws/src/carleton-mail-delivery-robot/mail-delivery-robot/build/mail-delivery-robot/build/lib/src/control/action_translator.py -> /home/capstone2526/cmdr_ws/src/carleton-mail-delivery-robot/mail-delivery-robot/install/mail-delivery-robot/lib/python3.10/site-packages/src/control
[4.313s] creating /home/capstone2526/cmdr_ws/src/carleton-mail-delivery-robot/mail-delivery-robot/install/mail-delivery-robot/lib/python3.10/site-packages/src/tests
[4.313s] copying /home/capstone2526/cmdr_ws/src/carleton-mail-delivery-robot/mail-delivery-robot/build/mail-delivery-robot/build/lib/src/tests/travel_analyzer.py -> /home/capstone2526/cmdr_ws/src/carleton-mail-delivery-robot/mail-delivery-robot/install/mail-delivery-robot/lib/python3.10/site-packages/src/tests
[4.314s] creating /home/capstone2526/cmdr_ws/src/carleton-mail-delivery-robot/mail-delivery-robot/install/mail-delivery-robot/lib/python3.10/site-packages/src/sensors
[4.315s] copying /home/capstone2526/cmdr_ws/src/carleton-mail-delivery-robot/mail-delivery-robot/build/mail-delivery-robot/build/lib/src/sensors/lidar_sensor.py -> /home/capstone2526/cmdr_ws/src/carleton-mail-delivery-robot/mail-delivery-robot/install/mail-delivery-robot/lib/python3.10/site-packages/src/sensors
[4.316s] copying /home/capstone2526/cmdr_ws/src/carleton-mail-delivery-robot/mail-delivery-robot/build/mail-delivery-robot/build/lib/src/sensors/navigation_unit.py -> /home/capstone2526/cmdr_ws/src/carleton-mail-delivery-robot/mail-delivery-robot/install/mail-delivery-robot/lib/python3.10/site-packages/src/sensors
[4.317s] copying /home/capstone2526/cmdr_ws/src/carleton-mail-delivery-robot/mail-delivery-robot/build/mail-delivery-robot/build/lib/src/sensors/battery_monitor.py -> /home/capstone2526/cmdr_ws/src/carleton-mail-delivery-robot/mail-delivery-robot/install/mail-delivery-robot/lib/python3.10/site-packages/src/sensors
[4.318s] copying /home/capstone2526/cmdr_ws/src/carleton-mail-delivery-robot/mail-delivery-robot/build/mail-delivery-robot/build/lib/src/sensors/__init__.py -> /home/capstone2526/cmdr_ws/src/carleton-mail-delivery-robot/mail-delivery-robot/install/mail-delivery-robot/lib/python3.10/site-packages/src/sensors
[4.319s] copying /home/capstone2526/cmdr_ws/src/carleton-mail-delivery-robot/mail-delivery-robot/build/mail-delivery-robot/build/lib/src/sensors/intersection_detection_unit.py -> /home/capstone2526/cmdr_ws/src/carleton-mail-delivery-robot/mail-delivery-robot/install/mail-delivery-robot/lib/python3.10/site-packages/src/sensors
[4.320s] copying /home/capstone2526/cmdr_ws/src/carleton-mail-delivery-robot/mail-delivery-robot/build/mail-delivery-robot/build/lib/src/sensors/beacon_sensor.py -> /home/capstone2526/cmdr_ws/src/carleton-mail-delivery-robot/mail-delivery-robot/install/mail-delivery-robot/lib/python3.10/site-packages/src/sensors
[4.321s] copying /home/capstone2526/cmdr_ws/src/carleton-mail-delivery-robot/mail-delivery-robot/build/mail-delivery-robot/build/lib/src/sensors/bumper_sensor.py -> /home/capstone2526/cmdr_ws/src/carleton-mail-delivery-robot/mail-delivery-robot/install/mail-delivery-robot/lib/python3.10/site-packages/src/sensors
[4.322s] copying /home/capstone2526/cmdr_ws/src/carleton-mail-delivery-robot/mail-delivery-robot/build/mail-delivery-robot/build/lib/src/sensors/camera_sensor.py -> /home/capstone2526/cmdr_ws/src/carleton-mail-delivery-robot/mail-delivery-robot/install/mail-delivery-robot/lib/python3.10/site-packages/src/sensors
[4.323s] creating /home/capstone2526/cmdr_ws/src/carleton-mail-delivery-robot/mail-delivery-robot/install/mail-delivery-robot/lib/python3.10/site-packages/src/layers
[4.323s] copying /home/capstone2526/cmdr_ws/src/carleton-mail-delivery-robot/mail-delivery-robot/build/mail-delivery-robot/build/lib/src/layers/__init__.py -> /home/capstone2526/cmdr_ws/src/carleton-mail-delivery-robot/mail-delivery-robot/install/mail-delivery-robot/lib/python3.10/site-packages/src/layers
[4.324s] copying /home/capstone2526/cmdr_ws/src/carleton-mail-delivery-robot/mail-delivery-robot/build/mail-delivery-robot/build/lib/src/layers/docking_layer.py -> /home/capstone2526/cmdr_ws/src/carleton-mail-delivery-robot/mail-delivery-robot/install/mail-delivery-robot/lib/python3.10/site-packages/src/layers
[4.326s] copying /home/capstone2526/cmdr_ws/src/carleton-mail-delivery-robot/mail-delivery-robot/build/mail-delivery-robot/build/lib/src/layers/travel_layer.py -> /home/capstone2526/cmdr_ws/src/carleton-mail-delivery-robot/mail-delivery-robot/install/mail-delivery-robot/lib/python3.10/site-packages/src/layers
[4.327s] copying /home/capstone2526/cmdr_ws/src/carleton-mail-delivery-robot/mail-delivery-robot/build/mail-delivery-robot/build/lib/src/layers/avoidance_layer.py -> /home/capstone2526/cmdr_ws/src/carleton-mail-delivery-robot/mail-delivery-robot/install/mail-delivery-robot/lib/python3.10/site-packages/src/layers
[4.328s] copying /home/capstone2526/cmdr_ws/src/carleton-mail-delivery-robot/mail-delivery-robot/build/mail-delivery-robot/build/lib/src/layers/turning_layer.py -> /home/capstone2526/cmdr_ws/src/carleton-mail-delivery-robot/mail-delivery-robot/install/mail-delivery-robot/lib/python3.10/site-packages/src/layers
[4.329s] creating /home/capstone2526/cmdr_ws/src/carleton-mail-delivery-robot/mail-delivery-robot/install/mail-delivery-robot/lib/python3.10/site-packages/src/communication
[4.329s] copying /home/capstone2526/cmdr_ws/src/carleton-mail-delivery-robot/mail-delivery-robot/build/mail-delivery-robot/build/lib/src/communication/__init__.py -> /home/capstone2526/cmdr_ws/src/carleton-mail-delivery-robot/mail-delivery-robot/install/mail-delivery-robot/lib/python3.10/site-packages/src/communication
[4.331s] copying /home/capstone2526/cmdr_ws/src/carleton-mail-delivery-robot/mail-delivery-robot/build/mail-delivery-robot/build/lib/src/communication/client.py -> /home/capstone2526/cmdr_ws/src/carleton-mail-delivery-robot/mail-delivery-robot/install/mail-delivery-robot/lib/python3.10/site-packages/src/communication
[4.332s] copying /home/capstone2526/cmdr_ws/src/carleton-mail-delivery-robot/mail-delivery-robot/build/mail-delivery-robot/build/lib/src/communication/music_player.py -> /home/capstone2526/cmdr_ws/src/carleton-mail-delivery-robot/mail-delivery-robot/install/mail-delivery-robot/lib/python3.10/site-packages/src/communication
[4.333s] creating /home/capstone2526/cmdr_ws/src/carleton-mail-delivery-robot/mail-delivery-robot/install/mail-delivery-robot/lib/python3.10/site-packages/mail-delivery-robot
[4.334s] copying /home/capstone2526/cmdr_ws/src/carleton-mail-delivery-robot/mail-delivery-robot/build/mail-delivery-robot/build/lib/mail-delivery-robot/__init__.py -> /home/capstone2526/cmdr_ws/src/carleton-mail-delivery-robot/mail-delivery-robot/install/mail-delivery-robot/lib/python3.10/site-packages/mail-delivery-robot
[4.336s] byte-compiling /home/capstone2526/cmdr_ws/src/carleton-mail-delivery-robot/mail-delivery-robot/install/mail-delivery-robot/lib/python3.10/site-packages/src/tools/__init__.py to __init__.cpython-310.pyc
[4.338s] byte-compiling /home/capstone2526/cmdr_ws/src/carleton-mail-delivery-robot/mail-delivery-robot/install/mail-delivery-robot/lib/python3.10/site-packages/src/tools/nav_parser.py to nav_parser.cpython-310.pyc
[4.341s] byte-compiling /home/capstone2526/cmdr_ws/src/carleton-mail-delivery-robot/mail-delivery-robot/install/mail-delivery-robot/lib/python3.10/site-packages/src/tools/map.py to map.cpython-310.pyc
[4.342s] byte-compiling /home/capstone2526/cmdr_ws/src/carleton-mail-delivery-robot/mail-delivery-robot/install/mail-delivery-robot/lib/python3.10/site-packages/src/tools/csv_parser.py to csv_parser.cpython-310.pyc
[4.345s] byte-compiling /home/capstone2526/cmdr_ws/src/carleton-mail-delivery-robot/mail-delivery-robot/install/mail-delivery-robot/lib/python3.10/site-packages/src/control/__init__.py to __init__.cpython-310.pyc
[4.346s] byte-compiling /home/capstone2526/cmdr_ws/src/carleton-mail-delivery-robot/mail-delivery-robot/install/mail-delivery-robot/lib/python3.10/site-packages/src/control/ai_command.py to ai_command.cpython-310.pyc
[4.349s] byte-compiling /home/capstone2526/cmdr_ws/src/carleton-mail-delivery-robot/mail-delivery-robot/install/mail-delivery-robot/lib/python3.10/site-packages/src/control/report_generator.py to report_generator.cpython-310.pyc
[4.352s] byte-compiling /home/capstone2526/cmdr_ws/src/carleton-mail-delivery-robot/mail-delivery-robot/install/mail-delivery-robot/lib/python3.10/site-packages/src/control/captain.py to captain.cpython-310.pyc
[4.355s] byte-compiling /home/capstone2526/cmdr_ws/src/carleton-mail-delivery-robot/mail-delivery-robot/install/mail-delivery-robot/lib/python3.10/site-packages/src/control/action_translator.py to action_translator.cpython-310.pyc
[4.358s] byte-compiling /home/capstone2526/cmdr_ws/src/carleton-mail-delivery-robot/mail-delivery-robot/install/mail-delivery-robot/lib/python3.10/site-packages/src/tests/travel_analyzer.py to travel_analyzer.cpython-310.pyc
[4.361s] byte-compiling /home/capstone2526/cmdr_ws/src/carleton-mail-delivery-robot/mail-delivery-robot/install/mail-delivery-robot/lib/python3.10/site-packages/src/sensors/lidar_sensor.py to lidar_sensor.cpython-310.pyc
[4.365s] byte-compiling /home/capstone2526/cmdr_ws/src/carleton-mail-delivery-robot/mail-delivery-robot/install/mail-delivery-robot/lib/python3.10/site-packages/src/sensors/navigation_unit.py to navigation_unit.cpython-310.pyc
[4.369s] byte-compiling /home/capstone2526/cmdr_ws/src/carleton-mail-delivery-robot/mail-delivery-robot/install/mail-delivery-robot/lib/python3.10/site-packages/src/sensors/battery_monitor.py to battery_monitor.cpython-310.pyc
[4.372s] byte-compiling /home/capstone2526/cmdr_ws/src/carleton-mail-delivery-robot/mail-delivery-robot/install/mail-delivery-robot/lib/python3.10/site-packages/src/sensors/__init__.py to __init__.cpython-310.pyc
[4.373s] byte-compiling /home/capstone2526/cmdr_ws/src/carleton-mail-delivery-robot/mail-delivery-robot/install/mail-delivery-robot/lib/python3.10/site-packages/src/sensors/intersection_detection_unit.py to intersection_detection_unit.cpython-310.pyc
[4.376s] byte-compiling /home/capstone2526/cmdr_ws/src/carleton-mail-delivery-robot/mail-delivery-robot/install/mail-delivery-robot/lib/python3.10/site-packages/src/sensors/beacon_sensor.py to beacon_sensor.cpython-310.pyc
[4.380s] byte-compiling /home/capstone2526/cmdr_ws/src/carleton-mail-delivery-robot/mail-delivery-robot/install/mail-delivery-robot/lib/python3.10/site-packages/src/sensors/bumper_sensor.py to bumper_sensor.cpython-310.pyc
[4.382s] byte-compiling /home/capstone2526/cmdr_ws/src/carleton-mail-delivery-robot/mail-delivery-robot/install/mail-delivery-robot/lib/python3.10/site-packages/src/sensors/camera_sensor.py to camera_sensor.cpython-310.pyc
[4.385s] byte-compiling /home/capstone2526/cmdr_ws/src/carleton-mail-delivery-robot/mail-delivery-robot/install/mail-delivery-robot/lib/python3.10/site-packages/src/layers/__init__.py to __init__.cpython-310.pyc
[4.387s] byte-compiling /home/capstone2526/cmdr_ws/src/carleton-mail-delivery-robot/mail-delivery-robot/install/mail-delivery-robot/lib/python3.10/site-packages/src/layers/docking_layer.py to docking_layer.cpython-310.pyc
[4.390s] byte-compiling /home/capstone2526/cmdr_ws/src/carleton-mail-delivery-robot/mail-delivery-robot/install/mail-delivery-robot/lib/python3.10/site-packages/src/layers/travel_layer.py to travel_layer.cpython-310.pyc
[4.394s] byte-compiling /home/capstone2526/cmdr_ws/src/carleton-mail-delivery-robot/mail-delivery-robot/install/mail-delivery-robot/lib/python3.10/site-packages/src/layers/avoidance_layer.py to avoidance_layer.cpython-310.pyc
[4.397s] byte-compiling /home/capstone2526/cmdr_ws/src/carleton-mail-delivery-robot/mail-delivery-robot/install/mail-delivery-robot/lib/python3.10/site-packages/src/layers/turning_layer.py to turning_layer.cpython-310.pyc
[4.401s] byte-compiling /home/capstone2526/cmdr_ws/src/carleton-mail-delivery-robot/mail-delivery-robot/install/mail-delivery-robot/lib/python3.10/site-packages/src/communication/__init__.py to __init__.cpython-310.pyc
[4.402s] byte-compiling /home/capstone2526/cmdr_ws/src/carleton-mail-delivery-robot/mail-delivery-robot/install/mail-delivery-robot/lib/python3.10/site-packages/src/communication/client.py to client.cpython-310.pyc
[4.404s] byte-compiling /home/capstone2526/cmdr_ws/src/carleton-mail-delivery-robot/mail-delivery-robot/install/mail-delivery-robot/lib/python3.10/site-packages/src/communication/music_player.py to music_player.cpython-310.pyc
[4.409s] byte-compiling /home/capstone2526/cmdr_ws/src/carleton-mail-delivery-robot/mail-delivery-robot/install/mail-delivery-robot/lib/python3.10/site-packages/mail-delivery-robot/__init__.py to __init__.cpython-310.pyc
[4.410s] running install_data
[4.411s] creating /home/capstone2526/cmdr_ws/src/carleton-mail-delivery-robot/mail-delivery-robot/install/mail-delivery-robot/share/ament_index
[4.411s] creating /home/capstone2526/cmdr_ws/src/carleton-mail-delivery-robot/mail-delivery-robot/install/mail-delivery-robot/share/ament_index/resource_index
[4.412s] creating /home/capstone2526/cmdr_ws/src/carleton-mail-delivery-robot/mail-delivery-robot/install/mail-delivery-robot/share/ament_index/resource_index/packages
[4.412s] copying resource/mail-delivery-robot -> /home/capstone2526/cmdr_ws/src/carleton-mail-delivery-robot/mail-delivery-robot/install/mail-delivery-robot/share/ament_index/resource_index/packages
[4.413s] copying package.xml -> /home/capstone2526/cmdr_ws/src/carleton-mail-delivery-robot/mail-delivery-robot/install/mail-delivery-robot/share/mail-delivery-robot
[4.414s] creating /home/capstone2526/cmdr_ws/src/carleton-mail-delivery-robot/mail-delivery-robot/install/mail-delivery-robot/lib/mail-delivery-robot
[4.414s] creating /home/capstone2526/cmdr_ws/src/carleton-mail-delivery-robot/mail-delivery-robot/install/mail-delivery-robot/lib/mail-delivery-robot/config
[4.414s] copying src/config/config.csv -> /home/capstone2526/cmdr_ws/src/carleton-mail-delivery-robot/mail-delivery-robot/install/mail-delivery-robot/lib/mail-delivery-robot/config
[4.418s] copying src/config/map.csv -> /home/capstone2526/cmdr_ws/src/carleton-mail-delivery-robot/mail-delivery-robot/install/mail-delivery-robot/lib/mail-delivery-robot/config
[4.419s] copying src/config/battery_config.csv -> /home/capstone2526/cmdr_ws/src/carleton-mail-delivery-robot/mail-delivery-robot/install/mail-delivery-robot/lib/mail-delivery-robot/config
[4.421s] copying src/config/beacons.csv -> /home/capstone2526/cmdr_ws/src/carleton-mail-delivery-robot/mail-delivery-robot/install/mail-delivery-robot/lib/mail-delivery-robot/config
[4.422s] copying src/config/beacon_connections.csv -> /home/capstone2526/cmdr_ws/src/carleton-mail-delivery-robot/mail-delivery-robot/install/mail-delivery-robot/lib/mail-delivery-robot/config
[4.424s] creating /home/capstone2526/cmdr_ws/src/carleton-mail-delivery-robot/mail-delivery-robot/install/mail-delivery-robot/share/mail-delivery-robot/launch
[4.425s] copying launch/analysis.launch.py -> /home/capstone2526/cmdr_ws/src/carleton-mail-delivery-robot/mail-delivery-robot/install/mail-delivery-robot/share/mail-delivery-robot/launch
[4.427s] copying launch/fair_demo.launch.py -> /home/capstone2526/cmdr_ws/src/carleton-mail-delivery-robot/mail-delivery-robot/install/mail-delivery-robot/share/mail-delivery-robot/launch
[4.428s] copying launch/robot_with_music.launch.py -> /home/capstone2526/cmdr_ws/src/carleton-mail-delivery-robot/mail-delivery-robot/install/mail-delivery-robot/share/mail-delivery-robot/launch
[4.430s] copying launch/robot.launch.py -> /home/capstone2526/cmdr_ws/src/carleton-mail-delivery-robot/mail-delivery-robot/install/mail-delivery-robot/share/mail-delivery-robot/launch
[4.431s] running install_egg_info
[4.439s] Copying build/mail-delivery-robot/mail_delivery_robot.egg-info to /home/capstone2526/cmdr_ws/src/carleton-mail-delivery-robot/mail-delivery-robot/install/mail-delivery-robot/lib/python3.10/site-packages/mail_delivery_robot-0.0.0-py3.10.egg-info
[4.447s] running install_scripts
[4.533s] Installing ai_command script to /home/capstone2526/cmdr_ws/src/carleton-mail-delivery-robot/mail-delivery-robot/install/mail-delivery-robot/lib/mail-delivery-robot
[4.533s] Installing avoidance_layer script to /home/capstone2526/cmdr_ws/src/carleton-mail-delivery-robot/mail-delivery-robot/install/mail-delivery-robot/lib/mail-delivery-robot
[4.534s] Installing battery_monitor script to /home/capstone2526/cmdr_ws/src/carleton-mail-delivery-robot/mail-delivery-robot/install/mail-delivery-robot/lib/mail-delivery-robot
[4.535s] Installing beacon_sensor script to /home/capstone2526/cmdr_ws/src/carleton-mail-delivery-robot/mail-delivery-robot/install/mail-delivery-robot/lib/mail-delivery-robot
[4.535s] Installing bumper_sensor script to /home/capstone2526/cmdr_ws/src/carleton-mail-delivery-robot/mail-delivery-robot/install/mail-delivery-robot/lib/mail-delivery-robot
[4.536s] Installing camera_sensor script to /home/capstone2526/cmdr_ws/src/carleton-mail-delivery-robot/mail-delivery-robot/install/mail-delivery-robot/lib/mail-delivery-robot
[4.537s] Installing captain script to /home/capstone2526/cmdr_ws/src/carleton-mail-delivery-robot/mail-delivery-robot/install/mail-delivery-robot/lib/mail-delivery-robot
[4.537s] Installing client script to /home/capstone2526/cmdr_ws/src/carleton-mail-delivery-robot/mail-delivery-robot/install/mail-delivery-robot/lib/mail-delivery-robot
[4.538s] Installing csv_parser script to /home/capstone2526/cmdr_ws/src/carleton-mail-delivery-robot/mail-delivery-robot/install/mail-delivery-robot/lib/mail-delivery-robot
[4.539s] Installing docking_layer script to /home/capstone2526/cmdr_ws/src/carleton-mail-delivery-robot/mail-delivery-robot/install/mail-delivery-robot/lib/mail-delivery-robot
[4.539s] Installing intersection_detection_unit script to /home/capstone2526/cmdr_ws/src/carleton-mail-delivery-robot/mail-delivery-robot/install/mail-delivery-robot/lib/mail-delivery-robot
[4.540s] Installing lidar_sensor script to /home/capstone2526/cmdr_ws/src/carleton-mail-delivery-robot/mail-delivery-robot/install/mail-delivery-robot/lib/mail-delivery-robot
[4.541s] Installing map script to /home/capstone2526/cmdr_ws/src/carleton-mail-delivery-robot/mail-delivery-robot/install/mail-delivery-robot/lib/mail-delivery-robot
[4.541s] Installing music_player script to /home/capstone2526/cmdr_ws/src/carleton-mail-delivery-robot/mail-delivery-robot/install/mail-delivery-robot/lib/mail-delivery-robot
[4.542s] Installing nav_parser script to /home/capstone2526/cmdr_ws/src/carleton-mail-delivery-robot/mail-delivery-robot/install/mail-delivery-robot/lib/mail-delivery-robot
[4.543s] Installing navigation_unit script to /home/capstone2526/cmdr_ws/src/carleton-mail-delivery-robot/mail-delivery-robot/install/mail-delivery-robot/lib/mail-delivery-robot
[4.543s] Installing report_generator script to /home/capstone2526/cmdr_ws/src/carleton-mail-delivery-robot/mail-delivery-robot/install/mail-delivery-robot/lib/mail-delivery-robot
[4.544s] Installing travel_analyzer script to /home/capstone2526/cmdr_ws/src/carleton-mail-delivery-robot/mail-delivery-robot/install/mail-delivery-robot/lib/mail-delivery-robot
[4.545s] Installing travel_layer script to /home/capstone2526/cmdr_ws/src/carleton-mail-delivery-robot/mail-delivery-robot/install/mail-delivery-robot/lib/mail-delivery-robot
[4.545s] Installing turning_layer script to /home/capstone2526/cmdr_ws/src/carleton-mail-delivery-robot/mail-delivery-robot/install/mail-delivery-robot/lib/mail-delivery-robot
[4.549s] writing list of installed files to '/home/capstone2526/cmdr_ws/src/carleton-mail-delivery-robot/mail-delivery-robot/build/mail-delivery-robot/install.log'
[4.661s] Invoked command in '/home/capstone2526/cmdr_ws/src/carleton-mail-delivery-robot/mail-delivery-robot' returned '0': PYTHONPATH=/home/capstone2526/cmdr_ws/src/carleton-mail-delivery-robot/mail-delivery-robot/build/mail-delivery-robot/prefix_override:/usr/lib/python3/dist-packages/colcon_core/task/python/colcon_distutils_commands:/home/capstone2526/cmdr_ws/src/carleton-mail-delivery-robot/mail-delivery-robot/install/mail-delivery-robot/lib/python3.10/site-packages: /usr/bin/python3 -W ignore:setup.py install is deprecated -W ignore:easy_install command is deprecated setup.py egg_info --egg-base build/mail-delivery-robot build --build-base /home/capstone2526/cmdr_ws/src/carleton-mail-delivery-robot/mail-delivery-robot/build/mail-delivery-robot/build install --record /home/capstone2526/cmdr_ws/src/carleton-mail-delivery-robot/mail-delivery-robot/build/mail-delivery-robot/install.log --single-version-externally-managed install_data
