[2.632s] Invoking command in '/home/capstone2526/cmdr_ws/src/carleton-mail-delivery-robot/mail-delivery-robot': PYTHONPATH=/home/capstone2526/cmdr_ws/src/carleton-mail-delivery-robot/build/mail-delivery-robot/prefix_override:/usr/lib/python3/dist-packages/colcon_core/task/python/colcon_distutils_commands:/home/capstone2526/cmdr_ws/src/carleton-mail-delivery-robot/install/mail-delivery-robot/lib/python3.10/site-packages: /usr/bin/python3 -W ignore:setup.py install is deprecated -W ignore:easy_install command is deprecated setup.py egg_info --egg-base ../build/mail-delivery-robot build --build-base /home/capstone2526/cmdr_ws/src/carleton-mail-delivery-robot/build/mail-delivery-robot/build install --record /home/capstone2526/cmdr_ws/src/carleton-mail-delivery-robot/build/mail-delivery-robot/install.log --single-version-externally-managed install_data
[3.612s] running egg_info
[3.615s] creating ../build/mail-delivery-robot/mail_delivery_robot.egg-info
[3.616s] writing ../build/mail-delivery-robot/mail_delivery_robot.egg-info/PKG-INFO
[3.617s] writing dependency_links to ../build/mail-delivery-robot/mail_delivery_robot.egg-info/dependency_links.txt
[3.618s] writing entry points to ../build/mail-delivery-robot/mail_delivery_robot.egg-info/entry_points.txt
[3.619s] writing requirements to ../build/mail-delivery-robot/mail_delivery_robot.egg-info/requires.txt
[3.619s] writing top-level names to ../build/mail-delivery-robot/mail_delivery_robot.egg-info/top_level.txt
[3.621s] writing manifest file '../build/mail-delivery-robot/mail_delivery_robot.egg-info/SOURCES.txt'
[3.626s] package init file 'src/tests/__init__.py' not found (or not a regular file)
[3.629s] reading manifest file '../build/mail-delivery-robot/mail_delivery_robot.egg-info/SOURCES.txt'
[3.630s] adding license file 'LICENSE'
[3.635s] writing manifest file '../build/mail-delivery-robot/mail_delivery_robot.egg-info/SOURCES.txt'
[3.635s] running build
[3.636s] running build_py
[3.637s] creating /home/capstone2526/cmdr_ws/src/carleton-mail-delivery-robot/build/mail-delivery-robot/build
[3.637s] creating /home/capstone2526/cmdr_ws/src/carleton-mail-delivery-robot/build/mail-delivery-robot/build/lib
[3.638s] creating /home/capstone2526/cmdr_ws/src/carleton-mail-delivery-robot/build/mail-delivery-robot/build/lib/src
[3.638s] creating /home/capstone2526/cmdr_ws/src/carleton-mail-delivery-robot/build/mail-delivery-robot/build/lib/src/sensors
[3.639s] copying src/sensors/__init__.py -> /home/capstone2526/cmdr_ws/src/carleton-mail-delivery-robot/build/mail-delivery-robot/build/lib/src/sensors
[3.639s] copying src/sensors/camera_sensor.py -> /home/capstone2526/cmdr_ws/src/carleton-mail-delivery-robot/build/mail-delivery-robot/build/lib/src/sensors
[3.640s] copying src/sensors/beacon_sensor.py -> /home/capstone2526/cmdr_ws/src/carleton-mail-delivery-robot/build/mail-delivery-robot/build/lib/src/sensors
[3.640s] copying src/sensors/bumper_sensor.py -> /home/capstone2526/cmdr_ws/src/carleton-mail-delivery-robot/build/mail-delivery-robot/build/lib/src/sensors
[3.641s] copying src/sensors/lidar_sensor.py -> /home/capstone2526/cmdr_ws/src/carleton-mail-delivery-robot/build/mail-delivery-robot/build/lib/src/sensors
[3.642s] copying src/sensors/navigation_unit.py -> /home/capstone2526/cmdr_ws/src/carleton-mail-delivery-robot/build/mail-delivery-robot/build/lib/src/sensors
[3.643s] copying src/sensors/intersection_detection_unit.py -> /home/capstone2526/cmdr_ws/src/carleton-mail-delivery-robot/build/mail-delivery-robot/build/lib/src/sensors
[3.644s] copying src/sensors/battery_monitor.py -> /home/capstone2526/cmdr_ws/src/carleton-mail-delivery-robot/build/mail-delivery-robot/build/lib/src/sensors
[3.645s] creating /home/capstone2526/cmdr_ws/src/carleton-mail-delivery-robot/build/mail-delivery-robot/build/lib/src/layers
[3.645s] copying src/layers/__init__.py -> /home/capstone2526/cmdr_ws/src/carleton-mail-delivery-robot/build/mail-delivery-robot/build/lib/src/layers
[3.646s] copying src/layers/avoidance_layer.py -> /home/capstone2526/cmdr_ws/src/carleton-mail-delivery-robot/build/mail-delivery-robot/build/lib/src/layers
[3.647s] copying src/layers/docking_layer.py -> /home/capstone2526/cmdr_ws/src/carleton-mail-delivery-robot/build/mail-delivery-robot/build/lib/src/layers
[3.648s] copying src/layers/travel_layer.py -> /home/capstone2526/cmdr_ws/src/carleton-mail-delivery-robot/build/mail-delivery-robot/build/lib/src/layers
[3.649s] copying src/layers/turning_layer.py -> /home/capstone2526/cmdr_ws/src/carleton-mail-delivery-robot/build/mail-delivery-robot/build/lib/src/layers
[3.649s] creating /home/capstone2526/cmdr_ws/src/carleton-mail-delivery-robot/build/mail-delivery-robot/build/lib/src/communication
[3.650s] copying src/communication/__init__.py -> /home/capstone2526/cmdr_ws/src/carleton-mail-delivery-robot/build/mail-delivery-robot/build/lib/src/communication
[3.651s] copying src/communication/client.py -> /home/capstone2526/cmdr_ws/src/carleton-mail-delivery-robot/build/mail-delivery-robot/build/lib/src/communication
[3.651s] copying src/communication/music_player.py -> /home/capstone2526/cmdr_ws/src/carleton-mail-delivery-robot/build/mail-delivery-robot/build/lib/src/communication
[3.652s] creating /home/capstone2526/cmdr_ws/src/carleton-mail-delivery-robot/build/mail-delivery-robot/build/lib/src/control
[3.653s] copying src/control/__init__.py -> /home/capstone2526/cmdr_ws/src/carleton-mail-delivery-robot/build/mail-delivery-robot/build/lib/src/control
[3.654s] copying src/control/captain.py -> /home/capstone2526/cmdr_ws/src/carleton-mail-delivery-robot/build/mail-delivery-robot/build/lib/src/control
[3.654s] copying src/control/ai_command.py -> /home/capstone2526/cmdr_ws/src/carleton-mail-delivery-robot/build/mail-delivery-robot/build/lib/src/control
[3.655s] copying src/control/report_generator.py -> /home/capstone2526/cmdr_ws/src/carleton-mail-delivery-robot/build/mail-delivery-robot/build/lib/src/control
[3.656s] copying src/control/action_translator.py -> /home/capstone2526/cmdr_ws/src/carleton-mail-delivery-robot/build/mail-delivery-robot/build/lib/src/control
[3.657s] creating /home/capstone2526/cmdr_ws/src/carleton-mail-delivery-robot/build/mail-delivery-robot/build/lib/src/tools
[3.657s] copying src/tools/__init__.py -> /home/capstone2526/cmdr_ws/src/carleton-mail-delivery-robot/build/mail-delivery-robot/build/lib/src/tools
[3.658s] copying src/tools/csv_parser.py -> /home/capstone2526/cmdr_ws/src/carleton-mail-delivery-robot/build/mail-delivery-robot/build/lib/src/tools
[3.659s] copying src/tools/map.py -> /home/capstone2526/cmdr_ws/src/carleton-mail-delivery-robot/build/mail-delivery-robot/build/lib/src/tools
[3.660s] copying src/tools/nav_parser.py -> /home/capstone2526/cmdr_ws/src/carleton-mail-delivery-robot/build/mail-delivery-robot/build/lib/src/tools
[3.661s] creating /home/capstone2526/cmdr_ws/src/carleton-mail-delivery-robot/build/mail-delivery-robot/build/lib/src/tests
[3.661s] copying src/tests/travel_analyzer.py -> /home/capstone2526/cmdr_ws/src/carleton-mail-delivery-robot/build/mail-delivery-robot/build/lib/src/tests
[3.662s] creating /home/capstone2526/cmdr_ws/src/carleton-mail-delivery-robot/build/mail-delivery-robot/build/lib/mail-delivery-robot
[3.663s] copying mail-delivery-robot/__init__.py -> /home/capstone2526/cmdr_ws/src/carleton-mail-delivery-robot/build/mail-delivery-robot/build/lib/mail-delivery-robot
[3.665s] running install
[3.667s] running install_lib
[3.669s] creating /home/capstone2526/cmdr_ws/src/carleton-mail-delivery-robot/install/mail-delivery-robot/lib/python3.10/site-packages/src
[3.670s] creating /home/capstone2526/cmdr_ws/src/carleton-mail-delivery-robot/install/mail-delivery-robot/lib/python3.10/site-packages/src/tools
[3.671s] copying /home/capstone2526/cmdr_ws/src/carleton-mail-delivery-robot/build/mail-delivery-robot/build/lib/src/tools/__init__.py -> /home/capstone2526/cmdr_ws/src/carleton-mail-delivery-robot/install/mail-delivery-robot/lib/python3.10/site-packages/src/tools
[3.672s] copying /home/capstone2526/cmdr_ws/src/carleton-mail-delivery-robot/build/mail-delivery-robot/build/lib/src/tools/nav_parser.py -> /home/capstone2526/cmdr_ws/src/carleton-mail-delivery-robot/install/mail-delivery-robot/lib/python3.10/site-packages/src/tools
[3.673s] copying /home/capstone2526/cmdr_ws/src/carleton-mail-delivery-robot/build/mail-delivery-robot/build/lib/src/tools/map.py -> /home/capstone2526/cmdr_ws/src/carleton-mail-delivery-robot/install/mail-delivery-robot/lib/python3.10/site-packages/src/tools
[3.674s] copying /home/capstone2526/cmdr_ws/src/carleton-mail-delivery-robot/build/mail-delivery-robot/build/lib/src/tools/csv_parser.py -> /home/capstone2526/cmdr_ws/src/carleton-mail-delivery-robot/install/mail-delivery-robot/lib/python3.10/site-packages/src/tools
[3.675s] creating /home/capstone2526/cmdr_ws/src/carleton-mail-delivery-robot/install/mail-delivery-robot/lib/python3.10/site-packages/src/control
[3.675s] copying /home/capstone2526/cmdr_ws/src/carleton-mail-delivery-robot/build/mail-delivery-robot/build/lib/src/control/__init__.py -> /home/capstone2526/cmdr_ws/src/carleton-mail-delivery-robot/install/mail-delivery-robot/lib/python3.10/site-packages/src/control
[3.676s] copying /home/capstone2526/cmdr_ws/src/carleton-mail-delivery-robot/build/mail-delivery-robot/build/lib/src/control/ai_command.py -> /home/capstone2526/cmdr_ws/src/carleton-mail-delivery-robot/install/mail-delivery-robot/lib/python3.10/site-packages/src/control
[3.677s] copying /home/capstone2526/cmdr_ws/src/carleton-mail-delivery-robot/build/mail-delivery-robot/build/lib/src/control/report_generator.py -> /home/capstone2526/cmdr_ws/src/carleton-mail-delivery-robot/install/mail-delivery-robot/lib/python3.10/site-packages/src/control
[3.678s] copying /home/capstone2526/cmdr_ws/src/carleton-mail-delivery-robot/build/mail-delivery-robot/build/lib/src/control/captain.py -> /home/capstone2526/cmdr_ws/src/carleton-mail-delivery-robot/install/mail-delivery-robot/lib/python3.10/site-packages/src/control
[3.679s] copying /home/capstone2526/cmdr_ws/src/carleton-mail-delivery-robot/build/mail-delivery-robot/build/lib/src/control/action_translator.py -> /home/capstone2526/cmdr_ws/src/carleton-mail-delivery-robot/install/mail-delivery-robot/lib/python3.10/site-packages/src/control
[3.680s] creating /home/capstone2526/cmdr_ws/src/carleton-mail-delivery-robot/install/mail-delivery-robot/lib/python3.10/site-packages/src/tests
[3.681s] copying /home/capstone2526/cmdr_ws/src/carleton-mail-delivery-robot/build/mail-delivery-robot/build/lib/src/tests/travel_analyzer.py -> /home/capstone2526/cmdr_ws/src/carleton-mail-delivery-robot/install/mail-delivery-robot/lib/python3.10/site-packages/src/tests
[3.682s] creating /home/capstone2526/cmdr_ws/src/carleton-mail-delivery-robot/install/mail-delivery-robot/lib/python3.10/site-packages/src/sensors
[3.682s] copying /home/capstone2526/cmdr_ws/src/carleton-mail-delivery-robot/build/mail-delivery-robot/build/lib/src/sensors/lidar_sensor.py -> /home/capstone2526/cmdr_ws/src/carleton-mail-delivery-robot/install/mail-delivery-robot/lib/python3.10/site-packages/src/sensors
[3.683s] copying /home/capstone2526/cmdr_ws/src/carleton-mail-delivery-robot/build/mail-delivery-robot/build/lib/src/sensors/navigation_unit.py -> /home/capstone2526/cmdr_ws/src/carleton-mail-delivery-robot/install/mail-delivery-robot/lib/python3.10/site-packages/src/sensors
[3.684s] copying /home/capstone2526/cmdr_ws/src/carleton-mail-delivery-robot/build/mail-delivery-robot/build/lib/src/sensors/battery_monitor.py -> /home/capstone2526/cmdr_ws/src/carleton-mail-delivery-robot/install/mail-delivery-robot/lib/python3.10/site-packages/src/sensors
[3.685s] copying /home/capstone2526/cmdr_ws/src/carleton-mail-delivery-robot/build/mail-delivery-robot/build/lib/src/sensors/__init__.py -> /home/capstone2526/cmdr_ws/src/carleton-mail-delivery-robot/install/mail-delivery-robot/lib/python3.10/site-packages/src/sensors
[3.686s] copying /home/capstone2526/cmdr_ws/src/carleton-mail-delivery-robot/build/mail-delivery-robot/build/lib/src/sensors/intersection_detection_unit.py -> /home/capstone2526/cmdr_ws/src/carleton-mail-delivery-robot/install/mail-delivery-robot/lib/python3.10/site-packages/src/sensors
[3.687s] copying /home/capstone2526/cmdr_ws/src/carleton-mail-delivery-robot/build/mail-delivery-robot/build/lib/src/sensors/beacon_sensor.py -> /home/capstone2526/cmdr_ws/src/carleton-mail-delivery-robot/install/mail-delivery-robot/lib/python3.10/site-packages/src/sensors
[3.688s] copying /home/capstone2526/cmdr_ws/src/carleton-mail-delivery-robot/build/mail-delivery-robot/build/lib/src/sensors/bumper_sensor.py -> /home/capstone2526/cmdr_ws/src/carleton-mail-delivery-robot/install/mail-delivery-robot/lib/python3.10/site-packages/src/sensors
[3.689s] copying /home/capstone2526/cmdr_ws/src/carleton-mail-delivery-robot/build/mail-delivery-robot/build/lib/src/sensors/camera_sensor.py -> /home/capstone2526/cmdr_ws/src/carleton-mail-delivery-robot/install/mail-delivery-robot/lib/python3.10/site-packages/src/sensors
[3.690s] creating /home/capstone2526/cmdr_ws/src/carleton-mail-delivery-robot/install/mail-delivery-robot/lib/python3.10/site-packages/src/layers
[3.690s] copying /home/capstone2526/cmdr_ws/src/carleton-mail-delivery-robot/build/mail-delivery-robot/build/lib/src/layers/__init__.py -> /home/capstone2526/cmdr_ws/src/carleton-mail-delivery-robot/install/mail-delivery-robot/lib/python3.10/site-packages/src/layers
[3.691s] copying /home/capstone2526/cmdr_ws/src/carleton-mail-delivery-robot/build/mail-delivery-robot/build/lib/src/layers/docking_layer.py -> /home/capstone2526/cmdr_ws/src/carleton-mail-delivery-robot/install/mail-delivery-robot/lib/python3.10/site-packages/src/layers
[3.692s] copying /home/capstone2526/cmdr_ws/src/carleton-mail-delivery-robot/build/mail-delivery-robot/build/lib/src/layers/travel_layer.py -> /home/capstone2526/cmdr_ws/src/carleton-mail-delivery-robot/install/mail-delivery-robot/lib/python3.10/site-packages/src/layers
[3.693s] copying /home/capstone2526/cmdr_ws/src/carleton-mail-delivery-robot/build/mail-delivery-robot/build/lib/src/layers/avoidance_layer.py -> /home/capstone2526/cmdr_ws/src/carleton-mail-delivery-robot/install/mail-delivery-robot/lib/python3.10/site-packages/src/layers
[3.694s] copying /home/capstone2526/cmdr_ws/src/carleton-mail-delivery-robot/build/mail-delivery-robot/build/lib/src/layers/turning_layer.py -> /home/capstone2526/cmdr_ws/src/carleton-mail-delivery-robot/install/mail-delivery-robot/lib/python3.10/site-packages/src/layers
[3.695s] creating /home/capstone2526/cmdr_ws/src/carleton-mail-delivery-robot/install/mail-delivery-robot/lib/python3.10/site-packages/src/communication
[3.696s] copying /home/capstone2526/cmdr_ws/src/carleton-mail-delivery-robot/build/mail-delivery-robot/build/lib/src/communication/__init__.py -> /home/capstone2526/cmdr_ws/src/carleton-mail-delivery-robot/install/mail-delivery-robot/lib/python3.10/site-packages/src/communication
[3.697s] copying /home/capstone2526/cmdr_ws/src/carleton-mail-delivery-robot/build/mail-delivery-robot/build/lib/src/communication/client.py -> /home/capstone2526/cmdr_ws/src/carleton-mail-delivery-robot/install/mail-delivery-robot/lib/python3.10/site-packages/src/communication
[3.698s] copying /home/capstone2526/cmdr_ws/src/carleton-mail-delivery-robot/build/mail-delivery-robot/build/lib/src/communication/music_player.py -> /home/capstone2526/cmdr_ws/src/carleton-mail-delivery-robot/install/mail-delivery-robot/lib/python3.10/site-packages/src/communication
[3.699s] creating /home/capstone2526/cmdr_ws/src/carleton-mail-delivery-robot/install/mail-delivery-robot/lib/python3.10/site-packages/mail-delivery-robot
[3.700s] copying /home/capstone2526/cmdr_ws/src/carleton-mail-delivery-robot/build/mail-delivery-robot/build/lib/mail-delivery-robot/__init__.py -> /home/capstone2526/cmdr_ws/src/carleton-mail-delivery-robot/install/mail-delivery-robot/lib/python3.10/site-packages/mail-delivery-robot
[3.702s] byte-compiling /home/capstone2526/cmdr_ws/src/carleton-mail-delivery-robot/install/mail-delivery-robot/lib/python3.10/site-packages/src/tools/__init__.py to __init__.cpython-310.pyc
[3.704s] byte-compiling /home/capstone2526/cmdr_ws/src/carleton-mail-delivery-robot/install/mail-delivery-robot/lib/python3.10/site-packages/src/tools/nav_parser.py to nav_parser.cpython-310.pyc
[3.707s] byte-compiling /home/capstone2526/cmdr_ws/src/carleton-mail-delivery-robot/install/mail-delivery-robot/lib/python3.10/site-packages/src/tools/map.py to map.cpython-310.pyc
[3.708s] byte-compiling /home/capstone2526/cmdr_ws/src/carleton-mail-delivery-robot/install/mail-delivery-robot/lib/python3.10/site-packages/src/tools/csv_parser.py to csv_parser.cpython-310.pyc
[3.710s] byte-compiling /home/capstone2526/cmdr_ws/src/carleton-mail-delivery-robot/install/mail-delivery-robot/lib/python3.10/site-packages/src/control/__init__.py to __init__.cpython-310.pyc
[3.712s] byte-compiling /home/capstone2526/cmdr_ws/src/carleton-mail-delivery-robot/install/mail-delivery-robot/lib/python3.10/site-packages/src/control/ai_command.py to ai_command.cpython-310.pyc
[3.715s] byte-compiling /home/capstone2526/cmdr_ws/src/carleton-mail-delivery-robot/install/mail-delivery-robot/lib/python3.10/site-packages/src/control/report_generator.py to report_generator.cpython-310.pyc
[3.718s] byte-compiling /home/capstone2526/cmdr_ws/src/carleton-mail-delivery-robot/install/mail-delivery-robot/lib/python3.10/site-packages/src/control/captain.py to captain.cpython-310.pyc
[3.721s] byte-compiling /home/capstone2526/cmdr_ws/src/carleton-mail-delivery-robot/install/mail-delivery-robot/lib/python3.10/site-packages/src/control/action_translator.py to action_translator.cpython-310.pyc
[3.723s] byte-compiling /home/capstone2526/cmdr_ws/src/carleton-mail-delivery-robot/install/mail-delivery-robot/lib/python3.10/site-packages/src/tests/travel_analyzer.py to travel_analyzer.cpython-310.pyc
[3.727s] byte-compiling /home/capstone2526/cmdr_ws/src/carleton-mail-delivery-robot/install/mail-delivery-robot/lib/python3.10/site-packages/src/sensors/lidar_sensor.py to lidar_sensor.cpython-310.pyc
[3.731s] byte-compiling /home/capstone2526/cmdr_ws/src/carleton-mail-delivery-robot/install/mail-delivery-robot/lib/python3.10/site-packages/src/sensors/navigation_unit.py to navigation_unit.cpython-310.pyc
[3.734s] byte-compiling /home/capstone2526/cmdr_ws/src/carleton-mail-delivery-robot/install/mail-delivery-robot/lib/python3.10/site-packages/src/sensors/battery_monitor.py to battery_monitor.cpython-310.pyc
[3.738s] byte-compiling /home/capstone2526/cmdr_ws/src/carleton-mail-delivery-robot/install/mail-delivery-robot/lib/python3.10/site-packages/src/sensors/__init__.py to __init__.cpython-310.pyc
[3.739s] byte-compiling /home/capstone2526/cmdr_ws/src/carleton-mail-delivery-robot/install/mail-delivery-robot/lib/python3.10/site-packages/src/sensors/intersection_detection_unit.py to intersection_detection_unit.cpython-310.pyc
[3.742s] byte-compiling /home/capstone2526/cmdr_ws/src/carleton-mail-delivery-robot/install/mail-delivery-robot/lib/python3.10/site-packages/src/sensors/beacon_sensor.py to beacon_sensor.cpython-310.pyc
[3.745s] byte-compiling /home/capstone2526/cmdr_ws/src/carleton-mail-delivery-robot/install/mail-delivery-robot/lib/python3.10/site-packages/src/sensors/bumper_sensor.py to bumper_sensor.cpython-310.pyc
[3.748s] byte-compiling /home/capstone2526/cmdr_ws/src/carleton-mail-delivery-robot/install/mail-delivery-robot/lib/python3.10/site-packages/src/sensors/camera_sensor.py to camera_sensor.cpython-310.pyc
[3.751s] byte-compiling /home/capstone2526/cmdr_ws/src/carleton-mail-delivery-robot/install/mail-delivery-robot/lib/python3.10/site-packages/src/layers/__init__.py to __init__.cpython-310.pyc
[3.752s] byte-compiling /home/capstone2526/cmdr_ws/src/carleton-mail-delivery-robot/install/mail-delivery-robot/lib/python3.10/site-packages/src/layers/docking_layer.py to docking_layer.cpython-310.pyc
[3.755s] byte-compiling /home/capstone2526/cmdr_ws/src/carleton-mail-delivery-robot/install/mail-delivery-robot/lib/python3.10/site-packages/src/layers/travel_layer.py to travel_layer.cpython-310.pyc
[3.759s] byte-compiling /home/capstone2526/cmdr_ws/src/carleton-mail-delivery-robot/install/mail-delivery-robot/lib/python3.10/site-packages/src/layers/avoidance_layer.py to avoidance_layer.cpython-310.pyc
[3.763s] byte-compiling /home/capstone2526/cmdr_ws/src/carleton-mail-delivery-robot/install/mail-delivery-robot/lib/python3.10/site-packages/src/layers/turning_layer.py to turning_layer.cpython-310.pyc
[3.766s] byte-compiling /home/capstone2526/cmdr_ws/src/carleton-mail-delivery-robot/install/mail-delivery-robot/lib/python3.10/site-packages/src/communication/__init__.py to __init__.cpython-310.pyc
[3.768s] byte-compiling /home/capstone2526/cmdr_ws/src/carleton-mail-delivery-robot/install/mail-delivery-robot/lib/python3.10/site-packages/src/communication/client.py to client.cpython-310.pyc
[3.769s] byte-compiling /home/capstone2526/cmdr_ws/src/carleton-mail-delivery-robot/install/mail-delivery-robot/lib/python3.10/site-packages/src/communication/music_player.py to music_player.cpython-310.pyc
[3.774s] byte-compiling /home/capstone2526/cmdr_ws/src/carleton-mail-delivery-robot/install/mail-delivery-robot/lib/python3.10/site-packages/mail-delivery-robot/__init__.py to __init__.cpython-310.pyc
[3.776s] running install_data
[3.776s] creating /home/capstone2526/cmdr_ws/src/carleton-mail-delivery-robot/install/mail-delivery-robot/share/ament_index
[3.777s] creating /home/capstone2526/cmdr_ws/src/carleton-mail-delivery-robot/install/mail-delivery-robot/share/ament_index/resource_index
[3.777s] creating /home/capstone2526/cmdr_ws/src/carleton-mail-delivery-robot/install/mail-delivery-robot/share/ament_index/resource_index/packages
[3.778s] copying resource/mail-delivery-robot -> /home/capstone2526/cmdr_ws/src/carleton-mail-delivery-robot/install/mail-delivery-robot/share/ament_index/resource_index/packages
[3.778s] copying package.xml -> /home/capstone2526/cmdr_ws/src/carleton-mail-delivery-robot/install/mail-delivery-robot/share/mail-delivery-robot
[3.779s] creating /home/capstone2526/cmdr_ws/src/carleton-mail-delivery-robot/install/mail-delivery-robot/lib/mail-delivery-robot
[3.779s] creating /home/capstone2526/cmdr_ws/src/carleton-mail-delivery-robot/install/mail-delivery-robot/lib/mail-delivery-robot/config
[3.780s] copying src/config/config.csv -> /home/capstone2526/cmdr_ws/src/carleton-mail-delivery-robot/install/mail-delivery-robot/lib/mail-delivery-robot/config
[3.780s] copying src/config/map.csv -> /home/capstone2526/cmdr_ws/src/carleton-mail-delivery-robot/install/mail-delivery-robot/lib/mail-delivery-robot/config
[3.781s] copying src/config/battery_config.csv -> /home/capstone2526/cmdr_ws/src/carleton-mail-delivery-robot/install/mail-delivery-robot/lib/mail-delivery-robot/config
[3.782s] copying src/config/beacons.csv -> /home/capstone2526/cmdr_ws/src/carleton-mail-delivery-robot/install/mail-delivery-robot/lib/mail-delivery-robot/config
[3.783s] copying src/config/beacon_connections.csv -> /home/capstone2526/cmdr_ws/src/carleton-mail-delivery-robot/install/mail-delivery-robot/lib/mail-delivery-robot/config
[3.783s] creating /home/capstone2526/cmdr_ws/src/carleton-mail-delivery-robot/install/mail-delivery-robot/share/mail-delivery-robot/launch
[3.784s] copying launch/analysis.launch.py -> /home/capstone2526/cmdr_ws/src/carleton-mail-delivery-robot/install/mail-delivery-robot/share/mail-delivery-robot/launch
[3.785s] copying launch/fair_demo.launch.py -> /home/capstone2526/cmdr_ws/src/carleton-mail-delivery-robot/install/mail-delivery-robot/share/mail-delivery-robot/launch
[3.786s] copying launch/robot_with_music.launch.py -> /home/capstone2526/cmdr_ws/src/carleton-mail-delivery-robot/install/mail-delivery-robot/share/mail-delivery-robot/launch
[3.787s] copying launch/robot.launch.py -> /home/capstone2526/cmdr_ws/src/carleton-mail-delivery-robot/install/mail-delivery-robot/share/mail-delivery-robot/launch
[3.787s] running install_egg_info
[3.794s] Copying ../build/mail-delivery-robot/mail_delivery_robot.egg-info to /home/capstone2526/cmdr_ws/src/carleton-mail-delivery-robot/install/mail-delivery-robot/lib/python3.10/site-packages/mail_delivery_robot-0.0.0-py3.10.egg-info
[3.801s] running install_scripts
[3.886s] Installing ai_command script to /home/capstone2526/cmdr_ws/src/carleton-mail-delivery-robot/install/mail-delivery-robot/lib/mail-delivery-robot
[3.886s] Installing avoidance_layer script to /home/capstone2526/cmdr_ws/src/carleton-mail-delivery-robot/install/mail-delivery-robot/lib/mail-delivery-robot
[3.887s] Installing battery_monitor script to /home/capstone2526/cmdr_ws/src/carleton-mail-delivery-robot/install/mail-delivery-robot/lib/mail-delivery-robot
[3.888s] Installing beacon_sensor script to /home/capstone2526/cmdr_ws/src/carleton-mail-delivery-robot/install/mail-delivery-robot/lib/mail-delivery-robot
[3.888s] Installing bumper_sensor script to /home/capstone2526/cmdr_ws/src/carleton-mail-delivery-robot/install/mail-delivery-robot/lib/mail-delivery-robot
[3.889s] Installing camera_sensor script to /home/capstone2526/cmdr_ws/src/carleton-mail-delivery-robot/install/mail-delivery-robot/lib/mail-delivery-robot
[3.890s] Installing captain script to /home/capstone2526/cmdr_ws/src/carleton-mail-delivery-robot/install/mail-delivery-robot/lib/mail-delivery-robot
[3.890s] Installing client script to /home/capstone2526/cmdr_ws/src/carleton-mail-delivery-robot/install/mail-delivery-robot/lib/mail-delivery-robot
[3.891s] Installing csv_parser script to /home/capstone2526/cmdr_ws/src/carleton-mail-delivery-robot/install/mail-delivery-robot/lib/mail-delivery-robot
[3.892s] Installing docking_layer script to /home/capstone2526/cmdr_ws/src/carleton-mail-delivery-robot/install/mail-delivery-robot/lib/mail-delivery-robot
[3.892s] Installing intersection_detection_unit script to /home/capstone2526/cmdr_ws/src/carleton-mail-delivery-robot/install/mail-delivery-robot/lib/mail-delivery-robot
[3.893s] Installing lidar_sensor script to /home/capstone2526/cmdr_ws/src/carleton-mail-delivery-robot/install/mail-delivery-robot/lib/mail-delivery-robot
[3.893s] Installing map script to /home/capstone2526/cmdr_ws/src/carleton-mail-delivery-robot/install/mail-delivery-robot/lib/mail-delivery-robot
[3.894s] Installing music_player script to /home/capstone2526/cmdr_ws/src/carleton-mail-delivery-robot/install/mail-delivery-robot/lib/mail-delivery-robot
[3.895s] Installing nav_parser script to /home/capstone2526/cmdr_ws/src/carleton-mail-delivery-robot/install/mail-delivery-robot/lib/mail-delivery-robot
[3.895s] Installing navigation_unit script to /home/capstone2526/cmdr_ws/src/carleton-mail-delivery-robot/install/mail-delivery-robot/lib/mail-delivery-robot
[3.896s] Installing report_generator script to /home/capstone2526/cmdr_ws/src/carleton-mail-delivery-robot/install/mail-delivery-robot/lib/mail-delivery-robot
[3.897s] Installing travel_analyzer script to /home/capstone2526/cmdr_ws/src/carleton-mail-delivery-robot/install/mail-delivery-robot/lib/mail-delivery-robot
[3.897s] Installing travel_layer script to /home/capstone2526/cmdr_ws/src/carleton-mail-delivery-robot/install/mail-delivery-robot/lib/mail-delivery-robot
[3.898s] Installing turning_layer script to /home/capstone2526/cmdr_ws/src/carleton-mail-delivery-robot/install/mail-delivery-robot/lib/mail-delivery-robot
[3.901s] writing list of installed files to '/home/capstone2526/cmdr_ws/src/carleton-mail-delivery-robot/build/mail-delivery-robot/install.log'
[4.012s] Invoked command in '/home/capstone2526/cmdr_ws/src/carleton-mail-delivery-robot/mail-delivery-robot' returned '0': PYTHONPATH=/home/capstone2526/cmdr_ws/src/carleton-mail-delivery-robot/build/mail-delivery-robot/prefix_override:/usr/lib/python3/dist-packages/colcon_core/task/python/colcon_distutils_commands:/home/capstone2526/cmdr_ws/src/carleton-mail-delivery-robot/install/mail-delivery-robot/lib/python3.10/site-packages: /usr/bin/python3 -W ignore:setup.py install is deprecated -W ignore:easy_install command is deprecated setup.py egg_info --egg-base ../build/mail-delivery-robot build --build-base /home/capstone2526/cmdr_ws/src/carleton-mail-delivery-robot/build/mail-delivery-robot/build install --record /home/capstone2526/cmdr_ws/src/carleton-mail-delivery-robot/build/mail-delivery-robot/install.log --single-version-externally-managed install_data
