[0.000000] (-) TimerEvent: {}
[0.001127] (mail-delivery-robot) JobQueued: {'identifier': 'mail-delivery-robot', 'dependencies': OrderedDict()}
[0.002114] (mail-delivery-robot) JobStarted: {'identifier': 'mail-delivery-robot'}
[0.099150] (-) TimerEvent: {}
[0.199843] (-) TimerEvent: {}
[0.300524] (-) TimerEvent: {}
[0.401177] (-) TimerEvent: {}
[0.501879] (-) TimerEvent: {}
[0.602488] (-) TimerEvent: {}
[0.703109] (-) TimerEvent: {}
[0.803756] (-) TimerEvent: {}
[0.904352] (-) TimerEvent: {}
[1.004978] (-) TimerEvent: {}
[1.105634] (-) TimerEvent: {}
[1.206276] (-) TimerEvent: {}
[1.306914] (-) TimerEvent: {}
[1.407628] (-) TimerEvent: {}
[1.508352] (-) TimerEvent: {}
[1.609125] (-) TimerEvent: {}
[1.709809] (-) TimerEvent: {}
[1.810448] (-) TimerEvent: {}
[1.911078] (-) TimerEvent: {}
[2.011720] (-) TimerEvent: {}
[2.112345] (-) TimerEvent: {}
[2.212990] (-) TimerEvent: {}
[2.313626] (-) TimerEvent: {}
[2.414252] (-) TimerEvent: {}
[2.514883] (-) TimerEvent: {}
[2.615752] (-) TimerEvent: {}
[2.716448] (-) TimerEvent: {}
[2.817102] (-) TimerEvent: {}
[2.917786] (-) TimerEvent: {}
[3.018392] (-) TimerEvent: {}
[3.119026] (-) TimerEvent: {}
[3.219822] (-) TimerEvent: {}
[3.289407] (mail-delivery-robot) Command: {'cmd': ['/usr/bin/python3', '-W', 'ignore:setup.py install is deprecated', '-W', 'ignore:easy_install command is deprecated', 'setup.py', 'egg_info', '--egg-base', '../build/mail-delivery-robot', 'build', '--build-base', '/home/capstone2526/cmdr_ws/src/carleton-mail-delivery-robot/build/mail-delivery-robot/build', 'install', '--record', '/home/capstone2526/cmdr_ws/src/carleton-mail-delivery-robot/build/mail-delivery-robot/install.log', '--single-version-externally-managed', 'install_data'], 'cwd': '/home/capstone2526/cmdr_ws/src/carleton-mail-delivery-robot/mail-delivery-robot', 'env': {'USER': 'capstone2526', 'SSH_CLIENT': '100.93.35.55 58063 22', 'XDG_SESSION_TYPE': 'tty', 'SHLVL': '1', 'MOTD_SHOWN': 'pam', 'HOME': '/home/capstone2526', 'OLDPWD': '/home/capstone2526/cmdr_ws/src/carleton-mail-delivery-robot/mail-delivery-robot', 'SSH_TTY': '/dev/pts/0', 'ROS_PYTHON_VERSION': '3', 'DBUS_SESSION_BUS_ADDRESS': 'unix:path=/run/user/1000/bus', 'LC_TERMINAL_VERSION': '3.6.4', 'COLCON_PREFIX_PATH': '/home/capstone2526/cmdr_ws/install:/home/capstone2526/cmdr_ws/src/carleton-mail-delivery-robot/install', 'ROS_DISTRO': 'humble', 'LOGNAME': 'capstone2526', '_': '/usr/bin/colcon', 'ROS_VERSION': '2', 'XDG_SESSION_CLASS': 'user', 'TERM': 'xterm-256color', 'XDG_SESSION_ID': '5', 'ROS_LOCALHOST_ONLY': '0', 'PATH': '/opt/ros/humble/bin:/home/capstone2526/.local/bin:/usr/local/sbin:/usr/local/bin:/usr/sbin:/usr/bin:/sbin:/bin:/usr/games:/usr/local/games:/snap/bin', 'XDG_RUNTIME_DIR': '/run/user/1000', 'LANG': 'en_US.UTF-8', 'AMENT_PREFIX_PATH': '/home/capstone2526/cmdr_ws/install/sllidar_ros2:/home/capstone2526/cmdr_ws/install/mail-delivery-robot:/opt/ros/humble:/home/capstone2526/cmdr_ws/src/carleton-mail-delivery-robot/install/mail-delivery-robot', 'SHELL': '/bin/bash', 'LC_TERMINAL': 'iTerm2', 'PWD': '/home/capstone2526/cmdr_ws/src/carleton-mail-delivery-robot/build/mail-delivery-robot', 'LC_ALL': 'en_US.UTF-8', 'SSH_CONNECTION': '100.93.35.55 58063 100.109.151.66 22', 'XDG_DATA_DIRS': '/usr/local/share:/usr/share:/var/lib/snapd/desktop', 'PYTHONPATH': '/home/capstone2526/cmdr_ws/src/carleton-mail-delivery-robot/build/mail-delivery-robot/prefix_override:/usr/lib/python3/dist-packages/colcon_core/task/python/colcon_distutils_commands:/home/capstone2526/cmdr_ws/src/carleton-mail-delivery-robot/install/mail-delivery-robot/lib/python3.10/site-packages:/home/capstone2526/cmdr_ws/install/mail-delivery-robot/lib/python3.10/site-packages:/opt/ros/humble/lib/python3.10/site-packages:/opt/ros/humble/local/lib/python3.10/dist-packages:/home/capstone2526/cmdr_ws/src/carleton-mail-delivery-robot/install/mail-delivery-robot/lib/python3.10/site-packages', 'COLCON': '1', 'CMAKE_PREFIX_PATH': '/home/capstone2526/cmdr_ws/install/sllidar_ros2'}, 'shell': False}
[3.319982] (-) TimerEvent: {}
[3.420676] (-) TimerEvent: {}
[3.521373] (-) TimerEvent: {}
[3.622058] (-) TimerEvent: {}
[3.722713] (-) TimerEvent: {}
[3.823356] (-) TimerEvent: {}
[3.924033] (-) TimerEvent: {}
[4.024664] (-) TimerEvent: {}
[4.125288] (-) TimerEvent: {}
[4.225934] (-) TimerEvent: {}
[4.326576] (-) TimerEvent: {}
[4.427258] (-) TimerEvent: {}
[4.527888] (-) TimerEvent: {}
[4.573460] (mail-delivery-robot) StdoutLine: {'line': b'running egg_info\n'}
[4.576499] (mail-delivery-robot) StdoutLine: {'line': b'writing ../build/mail-delivery-robot/mail_delivery_robot.egg-info/PKG-INFO\n'}
[4.577690] (mail-delivery-robot) StdoutLine: {'line': b'writing dependency_links to ../build/mail-delivery-robot/mail_delivery_robot.egg-info/dependency_links.txt\n'}
[4.579170] (mail-delivery-robot) StdoutLine: {'line': b'writing entry points to ../build/mail-delivery-robot/mail_delivery_robot.egg-info/entry_points.txt\n'}
[4.580049] (mail-delivery-robot) StdoutLine: {'line': b'writing requirements to ../build/mail-delivery-robot/mail_delivery_robot.egg-info/requires.txt\n'}
[4.580837] (mail-delivery-robot) StdoutLine: {'line': b'writing top-level names to ../build/mail-delivery-robot/mail_delivery_robot.egg-info/top_level.txt\n'}
[4.588277] (mail-delivery-robot) StderrLine: {'line': b"package init file 'src/tests/__init__.py' not found (or not a regular file)\n"}
[4.591668] (mail-delivery-robot) StdoutLine: {'line': b"reading manifest file '../build/mail-delivery-robot/mail_delivery_robot.egg-info/SOURCES.txt'\n"}
[4.594290] (mail-delivery-robot) StdoutLine: {'line': b"adding license file 'LICENSE'\n"}
[4.599083] (mail-delivery-robot) StdoutLine: {'line': b"writing manifest file '../build/mail-delivery-robot/mail_delivery_robot.egg-info/SOURCES.txt'\n"}
[4.599740] (mail-delivery-robot) StdoutLine: {'line': b'running build\n'}
[4.600225] (mail-delivery-robot) StdoutLine: {'line': b'running build_py\n'}
[4.606653] (mail-delivery-robot) StdoutLine: {'line': b'copying src/control/report_generator.py -> /home/capstone2526/cmdr_ws/src/carleton-mail-delivery-robot/build/mail-delivery-robot/build/lib/src/control\n'}
[4.611481] (mail-delivery-robot) StdoutLine: {'line': b'running install\n'}
[4.612792] (mail-delivery-robot) StdoutLine: {'line': b'running install_lib\n'}
[4.623119] (mail-delivery-robot) StdoutLine: {'line': b'copying /home/capstone2526/cmdr_ws/src/carleton-mail-delivery-robot/build/mail-delivery-robot/build/lib/src/control/report_generator.py -> /home/capstone2526/cmdr_ws/src/carleton-mail-delivery-robot/install/mail-delivery-robot/lib/python3.10/site-packages/src/control\n'}
[4.628005] (-) TimerEvent: {}
[4.635839] (mail-delivery-robot) StdoutLine: {'line': b'byte-compiling /home/capstone2526/cmdr_ws/src/carleton-mail-delivery-robot/install/mail-delivery-robot/lib/python3.10/site-packages/src/control/report_generator.py to report_generator.cpython-310.pyc\n'}
[4.643252] (mail-delivery-robot) StdoutLine: {'line': b'running install_data\n'}
[4.646190] (mail-delivery-robot) StdoutLine: {'line': b'running install_egg_info\n'}
[4.653408] (mail-delivery-robot) StdoutLine: {'line': b"removing '/home/capstone2526/cmdr_ws/src/carleton-mail-delivery-robot/install/mail-delivery-robot/lib/python3.10/site-packages/mail_delivery_robot-0.0.0-py3.10.egg-info' (and everything under it)\n"}
[4.655466] (mail-delivery-robot) StdoutLine: {'line': b'Copying ../build/mail-delivery-robot/mail_delivery_robot.egg-info to /home/capstone2526/cmdr_ws/src/carleton-mail-delivery-robot/install/mail-delivery-robot/lib/python3.10/site-packages/mail_delivery_robot-0.0.0-py3.10.egg-info\n'}
[4.661961] (mail-delivery-robot) StdoutLine: {'line': b'running install_scripts\n'}
[4.728215] (-) TimerEvent: {}
[4.748912] (mail-delivery-robot) StdoutLine: {'line': b'Installing ai_command script to /home/capstone2526/cmdr_ws/src/carleton-mail-delivery-robot/install/mail-delivery-robot/lib/mail-delivery-robot\n'}
[4.749906] (mail-delivery-robot) StdoutLine: {'line': b'Installing avoidance_layer script to /home/capstone2526/cmdr_ws/src/carleton-mail-delivery-robot/install/mail-delivery-robot/lib/mail-delivery-robot\n'}
[4.750819] (mail-delivery-robot) StdoutLine: {'line': b'Installing battery_monitor script to /home/capstone2526/cmdr_ws/src/carleton-mail-delivery-robot/install/mail-delivery-robot/lib/mail-delivery-robot\n'}
[4.751634] (mail-delivery-robot) StdoutLine: {'line': b'Installing beacon_sensor script to /home/capstone2526/cmdr_ws/src/carleton-mail-delivery-robot/install/mail-delivery-robot/lib/mail-delivery-robot\n'}
[4.752422] (mail-delivery-robot) StdoutLine: {'line': b'Installing bumper_sensor script to /home/capstone2526/cmdr_ws/src/carleton-mail-delivery-robot/install/mail-delivery-robot/lib/mail-delivery-robot\n'}
[4.753626] (mail-delivery-robot) StdoutLine: {'line': b'Installing camera_sensor script to /home/capstone2526/cmdr_ws/src/carleton-mail-delivery-robot/install/mail-delivery-robot/lib/mail-delivery-robot\n'}
[4.754625] (mail-delivery-robot) StdoutLine: {'line': b'Installing captain script to /home/capstone2526/cmdr_ws/src/carleton-mail-delivery-robot/install/mail-delivery-robot/lib/mail-delivery-robot\n'}
[4.755697] (mail-delivery-robot) StdoutLine: {'line': b'Installing client script to /home/capstone2526/cmdr_ws/src/carleton-mail-delivery-robot/install/mail-delivery-robot/lib/mail-delivery-robot\n'}
[4.756708] (mail-delivery-robot) StdoutLine: {'line': b'Installing csv_parser script to /home/capstone2526/cmdr_ws/src/carleton-mail-delivery-robot/install/mail-delivery-robot/lib/mail-delivery-robot\n'}
[4.757717] (mail-delivery-robot) StdoutLine: {'line': b'Installing docking_layer script to /home/capstone2526/cmdr_ws/src/carleton-mail-delivery-robot/install/mail-delivery-robot/lib/mail-delivery-robot\n'}
[4.758739] (mail-delivery-robot) StdoutLine: {'line': b'Installing intersection_detection_unit script to /home/capstone2526/cmdr_ws/src/carleton-mail-delivery-robot/install/mail-delivery-robot/lib/mail-delivery-robot\n'}
[4.759752] (mail-delivery-robot) StdoutLine: {'line': b'Installing lidar_sensor script to /home/capstone2526/cmdr_ws/src/carleton-mail-delivery-robot/install/mail-delivery-robot/lib/mail-delivery-robot\n'}
[4.760731] (mail-delivery-robot) StdoutLine: {'line': b'Installing map script to /home/capstone2526/cmdr_ws/src/carleton-mail-delivery-robot/install/mail-delivery-robot/lib/mail-delivery-robot\n'}
[4.761806] (mail-delivery-robot) StdoutLine: {'line': b'Installing music_player script to /home/capstone2526/cmdr_ws/src/carleton-mail-delivery-robot/install/mail-delivery-robot/lib/mail-delivery-robot\n'}
[4.762774] (mail-delivery-robot) StdoutLine: {'line': b'Installing nav_parser script to /home/capstone2526/cmdr_ws/src/carleton-mail-delivery-robot/install/mail-delivery-robot/lib/mail-delivery-robot\n'}
[4.763800] (mail-delivery-robot) StdoutLine: {'line': b'Installing navigation_unit script to /home/capstone2526/cmdr_ws/src/carleton-mail-delivery-robot/install/mail-delivery-robot/lib/mail-delivery-robot\n'}
[4.764934] (mail-delivery-robot) StdoutLine: {'line': b'Installing report_generator script to /home/capstone2526/cmdr_ws/src/carleton-mail-delivery-robot/install/mail-delivery-robot/lib/mail-delivery-robot\n'}
[4.766049] (mail-delivery-robot) StdoutLine: {'line': b'Installing travel_analyzer script to /home/capstone2526/cmdr_ws/src/carleton-mail-delivery-robot/install/mail-delivery-robot/lib/mail-delivery-robot\n'}
[4.767038] (mail-delivery-robot) StdoutLine: {'line': b'Installing travel_layer script to /home/capstone2526/cmdr_ws/src/carleton-mail-delivery-robot/install/mail-delivery-robot/lib/mail-delivery-robot\n'}
[4.768036] (mail-delivery-robot) StdoutLine: {'line': b'Installing turning_layer script to /home/capstone2526/cmdr_ws/src/carleton-mail-delivery-robot/install/mail-delivery-robot/lib/mail-delivery-robot\n'}
[4.771742] (mail-delivery-robot) StdoutLine: {'line': b"writing list of installed files to '/home/capstone2526/cmdr_ws/src/carleton-mail-delivery-robot/build/mail-delivery-robot/install.log'\n"}
[4.828466] (-) TimerEvent: {}
[4.886626] (mail-delivery-robot) CommandEnded: {'returncode': 0}
[4.928642] (-) TimerEvent: {}
[4.946126] (mail-delivery-robot) JobEnded: {'identifier': 'mail-delivery-robot', 'rc': 0}
[4.949450] (-) EventReactorShutdown: {}
