[0.000000] (-) TimerEvent: {}
[0.001463] (mail-delivery-robot) JobQueued: {'identifier': 'mail-delivery-robot', 'dependencies': OrderedDict()}
[0.001826] (mail-delivery-robot) JobStarted: {'identifier': 'mail-delivery-robot'}
[0.097860] (-) TimerEvent: {}
[0.198501] (-) TimerEvent: {}
[0.299216] (-) TimerEvent: {}
[0.399916] (-) TimerEvent: {}
[0.500585] (-) TimerEvent: {}
[0.601225] (-) TimerEvent: {}
[0.701864] (-) TimerEvent: {}
[0.802542] (-) TimerEvent: {}
[0.903192] (-) TimerEvent: {}
[1.003820] (-) TimerEvent: {}
[1.104467] (-) TimerEvent: {}
[1.205135] (-) TimerEvent: {}
[1.305773] (-) TimerEvent: {}
[1.406543] (-) TimerEvent: {}
[1.507455] (-) TimerEvent: {}
[1.608238] (-) TimerEvent: {}
[1.708961] (-) TimerEvent: {}
[1.809653] (-) TimerEvent: {}
[1.910325] (-) TimerEvent: {}
[2.010964] (-) TimerEvent: {}
[2.111641] (-) TimerEvent: {}
[2.212279] (-) TimerEvent: {}
[2.312911] (-) TimerEvent: {}
[2.413531] (-) TimerEvent: {}
[2.514211] (-) TimerEvent: {}
[2.614904] (-) TimerEvent: {}
[2.715610] (-) TimerEvent: {}
[2.816256] (-) TimerEvent: {}
[2.917078] (-) TimerEvent: {}
[3.017922] (-) TimerEvent: {}
[3.118631] (-) TimerEvent: {}
[3.219430] (-) TimerEvent: {}
[3.320176] (-) TimerEvent: {}
[3.420895] (-) TimerEvent: {}
[3.521606] (-) TimerEvent: {}
[3.622270] (-) TimerEvent: {}
[3.722958] (-) TimerEvent: {}
[3.823813] (-) TimerEvent: {}
[3.924946] (-) TimerEvent: {}
[3.930163] (mail-delivery-robot) Command: {'cmd': ['/usr/bin/python3', '-W', 'ignore:setup.py install is deprecated', '-W', 'ignore:easy_install command is deprecated', 'setup.py', 'egg_info', '--egg-base', '../build/mail-delivery-robot', 'build', '--build-base', '/home/capstone2526/cmdr_ws/src/carleton-mail-delivery-robot/build/mail-delivery-robot/build', 'install', '--record', '/home/capstone2526/cmdr_ws/src/carleton-mail-delivery-robot/build/mail-delivery-robot/install.log', '--single-version-externally-managed', 'install_data'], 'cwd': '/home/capstone2526/cmdr_ws/src/carleton-mail-delivery-robot/mail-delivery-robot', 'env': {'USER': 'capstone2526', 'SSH_CLIENT': '100.93.35.55 56057 22', 'XDG_SESSION_TYPE': 'tty', 'SHLVL': '1', 'MOTD_SHOWN': 'pam', 'HOME': '/home/capstone2526', 'OLDPWD': '/home/capstone2526/cmdr_ws/src', 'SSH_TTY': '/dev/pts/0', 'ROS_PYTHON_VERSION': '3', 'DBUS_SESSION_BUS_ADDRESS': 'unix:path=/run/user/1000/bus', 'LC_TERMINAL_VERSION': '3.6.5', 'COLCON_PREFIX_PATH': '/home/capstone2526/cmdr_ws/install:/home/capstone2526/cmdr_ws/src/carleton-mail-delivery-robot/install', 'ROS_DISTRO': 'humble', 'LOGNAME': 'capstone2526', '_': '/usr/bin/colcon', 'ROS_VERSION': '2', 'XDG_SESSION_CLASS': 'user', 'TERM': 'xterm-256color', 'XDG_SESSION_ID': '2', 'ROS_LOCALHOST_ONLY': '0', 'PATH': '/opt/ros/humble/bin:/home/capstone2526/.local/bin:/usr/local/sbin:/usr/local/bin:/usr/sbin:/usr/bin:/sbin:/bin:/usr/games:/usr/local/games:/snap/bin', 'XDG_RUNTIME_DIR': '/run/user/1000', 'LANG': 'en_US.UTF-8', 'AMENT_PREFIX_PATH': '/home/capstone2526/cmdr_ws/install/sllidar_ros2:/home/capstone2526/cmdr_ws/install/mail-delivery-robot:/home/capstone2526/cmdr_ws/src/carleton-mail-delivery-robot/install/mail-delivery-robot:/opt/ros/humble', 'SHELL': '/bin/bash', 'LC_TERMINAL': 'iTerm2', 'PWD': '/home/capstone2526/cmdr_ws/src/carleton-mail-delivery-robot/build/mail-delivery-robot', 'LC_ALL': 'en_US.UTF-8', 'SSH_CONNECTION': '100.93.35.55 56057 100.109.151.66 22', 'XDG_DATA_DIRS': '/usr/local/share:/usr/share:/var/lib/snapd/desktop', 'PYTHONPATH': '/home/capstone2526/cmdr_ws/src/carleton-mail-delivery-robot/build/mail-delivery-robot/prefix_override:/usr/lib/python3/dist-packages/colcon_core/task/python/colcon_distutils_commands:/home/capstone2526/cmdr_ws/src/carleton-mail-delivery-robot/install/mail-delivery-robot/lib/python3.10/site-packages:/home/capstone2526/cmdr_ws/install/mail-delivery-robot/lib/python3.10/site-packages:/home/capstone2526/cmdr_ws/src/carleton-mail-delivery-robot/install/mail-delivery-robot/lib/python3.10/site-packages:/opt/ros/humble/lib/python3.10/site-packages:/opt/ros/humble/local/lib/python3.10/dist-packages', 'COLCON': '1', 'CMAKE_PREFIX_PATH': '/home/capstone2526/cmdr_ws/install/sllidar_ros2'}, 'shell': False}
[4.025108] (-) TimerEvent: {}
[4.125769] (-) TimerEvent: {}
[4.226610] (-) TimerEvent: {}
[4.327624] (-) TimerEvent: {}
[4.428288] (-) TimerEvent: {}
[4.528921] (-) TimerEvent: {}
[4.629729] (-) TimerEvent: {}
[4.730376] (-) TimerEvent: {}
[4.830994] (-) TimerEvent: {}
[4.931638] (-) TimerEvent: {}
[5.032287] (-) TimerEvent: {}
[5.132911] (-) TimerEvent: {}
[5.230428] (mail-delivery-robot) StdoutLine: {'line': b'running egg_info\n'}
[5.233071] (-) TimerEvent: {}
[5.233694] (mail-delivery-robot) StdoutLine: {'line': b'writing ../build/mail-delivery-robot/mail_delivery_robot.egg-info/PKG-INFO\n'}
[5.238992] (mail-delivery-robot) StdoutLine: {'line': b'writing dependency_links to ../build/mail-delivery-robot/mail_delivery_robot.egg-info/dependency_links.txt\n'}
[5.240599] (mail-delivery-robot) StdoutLine: {'line': b'writing entry points to ../build/mail-delivery-robot/mail_delivery_robot.egg-info/entry_points.txt\n'}
[5.241606] (mail-delivery-robot) StdoutLine: {'line': b'writing requirements to ../build/mail-delivery-robot/mail_delivery_robot.egg-info/requires.txt\n'}
[5.242864] (mail-delivery-robot) StdoutLine: {'line': b'writing top-level names to ../build/mail-delivery-robot/mail_delivery_robot.egg-info/top_level.txt\n'}
[5.252500] (mail-delivery-robot) StderrLine: {'line': b"package init file 'src/tests/__init__.py' not found (or not a regular file)\n"}
[5.256122] (mail-delivery-robot) StdoutLine: {'line': b"reading manifest file '../build/mail-delivery-robot/mail_delivery_robot.egg-info/SOURCES.txt'\n"}
[5.261754] (mail-delivery-robot) StdoutLine: {'line': b"adding license file 'LICENSE'\n"}
[5.267055] (mail-delivery-robot) StdoutLine: {'line': b"writing manifest file '../build/mail-delivery-robot/mail_delivery_robot.egg-info/SOURCES.txt'\n"}
[5.267855] (mail-delivery-robot) StdoutLine: {'line': b'running build\n'}
[5.268399] (mail-delivery-robot) StdoutLine: {'line': b'running build_py\n'}
[5.287174] (mail-delivery-robot) StdoutLine: {'line': b'running install\n'}
[5.288610] (mail-delivery-robot) StdoutLine: {'line': b'running install_lib\n'}
[5.328739] (mail-delivery-robot) StdoutLine: {'line': b'running install_data\n'}
[5.333251] (-) TimerEvent: {}
[5.334566] (mail-delivery-robot) StdoutLine: {'line': b'running install_egg_info\n'}
[5.342709] (mail-delivery-robot) StdoutLine: {'line': b"removing '/home/capstone2526/cmdr_ws/src/carleton-mail-delivery-robot/install/mail-delivery-robot/lib/python3.10/site-packages/mail_delivery_robot-0.0.0-py3.10.egg-info' (and everything under it)\n"}
[5.345009] (mail-delivery-robot) StdoutLine: {'line': b'Copying ../build/mail-delivery-robot/mail_delivery_robot.egg-info to /home/capstone2526/cmdr_ws/src/carleton-mail-delivery-robot/install/mail-delivery-robot/lib/python3.10/site-packages/mail_delivery_robot-0.0.0-py3.10.egg-info\n'}
[5.354826] (mail-delivery-robot) StdoutLine: {'line': b'running install_scripts\n'}
[5.433452] (-) TimerEvent: {}
[5.443608] (mail-delivery-robot) StdoutLine: {'line': b'Installing ai_command script to /home/capstone2526/cmdr_ws/src/carleton-mail-delivery-robot/install/mail-delivery-robot/lib/mail-delivery-robot\n'}
[5.444627] (mail-delivery-robot) StdoutLine: {'line': b'Installing avoidance_layer script to /home/capstone2526/cmdr_ws/src/carleton-mail-delivery-robot/install/mail-delivery-robot/lib/mail-delivery-robot\n'}
[5.445558] (mail-delivery-robot) StdoutLine: {'line': b'Installing battery_monitor script to /home/capstone2526/cmdr_ws/src/carleton-mail-delivery-robot/install/mail-delivery-robot/lib/mail-delivery-robot\n'}
[5.446430] (mail-delivery-robot) StdoutLine: {'line': b'Installing beacon_sensor script to /home/capstone2526/cmdr_ws/src/carleton-mail-delivery-robot/install/mail-delivery-robot/lib/mail-delivery-robot\n'}
[5.447249] (mail-delivery-robot) StdoutLine: {'line': b'Installing bumper_sensor script to /home/capstone2526/cmdr_ws/src/carleton-mail-delivery-robot/install/mail-delivery-robot/lib/mail-delivery-robot\n'}
[5.448470] (mail-delivery-robot) StdoutLine: {'line': b'Installing camera_sensor script to /home/capstone2526/cmdr_ws/src/carleton-mail-delivery-robot/install/mail-delivery-robot/lib/mail-delivery-robot\n'}
[5.449462] (mail-delivery-robot) StdoutLine: {'line': b'Installing captain script to /home/capstone2526/cmdr_ws/src/carleton-mail-delivery-robot/install/mail-delivery-robot/lib/mail-delivery-robot\n'}
[5.450472] (mail-delivery-robot) StdoutLine: {'line': b'Installing client script to /home/capstone2526/cmdr_ws/src/carleton-mail-delivery-robot/install/mail-delivery-robot/lib/mail-delivery-robot\n'}
[5.451518] (mail-delivery-robot) StdoutLine: {'line': b'Installing csv_parser script to /home/capstone2526/cmdr_ws/src/carleton-mail-delivery-robot/install/mail-delivery-robot/lib/mail-delivery-robot\n'}
[5.452389] (mail-delivery-robot) StdoutLine: {'line': b'Installing docking_layer script to /home/capstone2526/cmdr_ws/src/carleton-mail-delivery-robot/install/mail-delivery-robot/lib/mail-delivery-robot\n'}
[5.453181] (mail-delivery-robot) StdoutLine: {'line': b'Installing intersection_detection_unit script to /home/capstone2526/cmdr_ws/src/carleton-mail-delivery-robot/install/mail-delivery-robot/lib/mail-delivery-robot\n'}
[5.454144] (mail-delivery-robot) StdoutLine: {'line': b'Installing lidar_sensor script to /home/capstone2526/cmdr_ws/src/carleton-mail-delivery-robot/install/mail-delivery-robot/lib/mail-delivery-robot\n'}
[5.455197] (mail-delivery-robot) StdoutLine: {'line': b'Installing map script to /home/capstone2526/cmdr_ws/src/carleton-mail-delivery-robot/install/mail-delivery-robot/lib/mail-delivery-robot\n'}
[5.456234] (mail-delivery-robot) StdoutLine: {'line': b'Installing music_player script to /home/capstone2526/cmdr_ws/src/carleton-mail-delivery-robot/install/mail-delivery-robot/lib/mail-delivery-robot\n'}
[5.457144] (mail-delivery-robot) StdoutLine: {'line': b'Installing nav_parser script to /home/capstone2526/cmdr_ws/src/carleton-mail-delivery-robot/install/mail-delivery-robot/lib/mail-delivery-robot\n'}
[5.457964] (mail-delivery-robot) StdoutLine: {'line': b'Installing navigation_unit script to /home/capstone2526/cmdr_ws/src/carleton-mail-delivery-robot/install/mail-delivery-robot/lib/mail-delivery-robot\n'}
[5.458741] (mail-delivery-robot) StdoutLine: {'line': b'Installing report_generator script to /home/capstone2526/cmdr_ws/src/carleton-mail-delivery-robot/install/mail-delivery-robot/lib/mail-delivery-robot\n'}
[5.459605] (mail-delivery-robot) StdoutLine: {'line': b'Installing travel_analyzer script to /home/capstone2526/cmdr_ws/src/carleton-mail-delivery-robot/install/mail-delivery-robot/lib/mail-delivery-robot\n'}
[5.460642] (mail-delivery-robot) StdoutLine: {'line': b'Installing travel_layer script to /home/capstone2526/cmdr_ws/src/carleton-mail-delivery-robot/install/mail-delivery-robot/lib/mail-delivery-robot\n'}
[5.461586] (mail-delivery-robot) StdoutLine: {'line': b'Installing turning_layer script to /home/capstone2526/cmdr_ws/src/carleton-mail-delivery-robot/install/mail-delivery-robot/lib/mail-delivery-robot\n'}
[5.465451] (mail-delivery-robot) StdoutLine: {'line': b"writing list of installed files to '/home/capstone2526/cmdr_ws/src/carleton-mail-delivery-robot/build/mail-delivery-robot/install.log'\n"}
[5.533845] (-) TimerEvent: {}
[5.585979] (mail-delivery-robot) CommandEnded: {'returncode': 0}
[5.634043] (-) TimerEvent: {}
[5.674652] (mail-delivery-robot) JobEnded: {'identifier': 'mail-delivery-robot', 'rc': 0}
[5.678925] (-) EventReactorShutdown: {}
