[3.933s] Invoking command in '/home/capstone2526/cmdr_ws/src/carleton-mail-delivery-robot/mail-delivery-robot': PYTHONPATH=/home/capstone2526/cmdr_ws/src/carleton-mail-delivery-robot/build/mail-delivery-robot/prefix_override:/usr/lib/python3/dist-packages/colcon_core/task/python/colcon_distutils_commands:/home/capstone2526/cmdr_ws/src/carleton-mail-delivery-robot/install/mail-delivery-robot/lib/python3.10/site-packages:${PYTHONPATH} /usr/bin/python3 -W ignore:setup.py install is deprecated -W ignore:easy_install command is deprecated setup.py egg_info --egg-base ../build/mail-delivery-robot build --build-base /home/capstone2526/cmdr_ws/src/carleton-mail-delivery-robot/build/mail-delivery-robot/build install --record /home/capstone2526/cmdr_ws/src/carleton-mail-delivery-robot/build/mail-delivery-robot/install.log --single-version-externally-managed install_data
[5.229s] running egg_info
[5.232s] writing ../build/mail-delivery-robot/mail_delivery_robot.egg-info/PKG-INFO
[5.237s] writing dependency_links to ../build/mail-delivery-robot/mail_delivery_robot.egg-info/dependency_links.txt
[5.239s] writing entry points to ../build/mail-delivery-robot/mail_delivery_robot.egg-info/entry_points.txt
[5.240s] writing requirements to ../build/mail-delivery-robot/mail_delivery_robot.egg-info/requires.txt
[5.241s] writing top-level names to ../build/mail-delivery-robot/mail_delivery_robot.egg-info/top_level.txt
[5.251s] package init file 'src/tests/__init__.py' not found (or not a regular file)
[5.254s] reading manifest file '../build/mail-delivery-robot/mail_delivery_robot.egg-info/SOURCES.txt'
[5.260s] adding license file 'LICENSE'
[5.265s] writing manifest file '../build/mail-delivery-robot/mail_delivery_robot.egg-info/SOURCES.txt'
[5.266s] running build
[5.267s] running build_py
[5.285s] running install
[5.287s] running install_lib
[5.327s] running install_data
[5.333s] running install_egg_info
[5.341s] removing '/home/capstone2526/cmdr_ws/src/carleton-mail-delivery-robot/install/mail-delivery-robot/lib/python3.10/site-packages/mail_delivery_robot-0.0.0-py3.10.egg-info' (and everything under it)
[5.343s] Copying ../build/mail-delivery-robot/mail_delivery_robot.egg-info to /home/capstone2526/cmdr_ws/src/carleton-mail-delivery-robot/install/mail-delivery-robot/lib/python3.10/site-packages/mail_delivery_robot-0.0.0-py3.10.egg-info
[5.353s] running install_scripts
[5.442s] Installing ai_command script to /home/capstone2526/cmdr_ws/src/carleton-mail-delivery-robot/install/mail-delivery-robot/lib/mail-delivery-robot
[5.443s] Installing avoidance_layer script to /home/capstone2526/cmdr_ws/src/carleton-mail-delivery-robot/install/mail-delivery-robot/lib/mail-delivery-robot
[5.444s] Installing battery_monitor script to /home/capstone2526/cmdr_ws/src/carleton-mail-delivery-robot/install/mail-delivery-robot/lib/mail-delivery-robot
[5.445s] Installing beacon_sensor script to /home/capstone2526/cmdr_ws/src/carleton-mail-delivery-robot/install/mail-delivery-robot/lib/mail-delivery-robot
[5.445s] Installing bumper_sensor script to /home/capstone2526/cmdr_ws/src/carleton-mail-delivery-robot/install/mail-delivery-robot/lib/mail-delivery-robot
[5.447s] Installing camera_sensor script to /home/capstone2526/cmdr_ws/src/carleton-mail-delivery-robot/install/mail-delivery-robot/lib/mail-delivery-robot
[5.448s] Installing captain script to /home/capstone2526/cmdr_ws/src/carleton-mail-delivery-robot/install/mail-delivery-robot/lib/mail-delivery-robot
[5.449s] Installing client script to /home/capstone2526/cmdr_ws/src/carleton-mail-delivery-robot/install/mail-delivery-robot/lib/mail-delivery-robot
[5.450s] Installing csv_parser script to /home/capstone2526/cmdr_ws/src/carleton-mail-delivery-robot/install/mail-delivery-robot/lib/mail-delivery-robot
[5.451s] Installing docking_layer script to /home/capstone2526/cmdr_ws/src/carleton-mail-delivery-robot/install/mail-delivery-robot/lib/mail-delivery-robot
[5.451s] Installing intersection_detection_unit script to /home/capstone2526/cmdr_ws/src/carleton-mail-delivery-robot/install/mail-delivery-robot/lib/mail-delivery-robot
[5.452s] Installing lidar_sensor script to /home/capstone2526/cmdr_ws/src/carleton-mail-delivery-robot/install/mail-delivery-robot/lib/mail-delivery-robot
[5.453s] Installing map script to /home/capstone2526/cmdr_ws/src/carleton-mail-delivery-robot/install/mail-delivery-robot/lib/mail-delivery-robot
[5.454s] Installing music_player script to /home/capstone2526/cmdr_ws/src/carleton-mail-delivery-robot/install/mail-delivery-robot/lib/mail-delivery-robot
[5.455s] Installing nav_parser script to /home/capstone2526/cmdr_ws/src/carleton-mail-delivery-robot/install/mail-delivery-robot/lib/mail-delivery-robot
[5.456s] Installing navigation_unit script to /home/capstone2526/cmdr_ws/src/carleton-mail-delivery-robot/install/mail-delivery-robot/lib/mail-delivery-robot
[5.457s] Installing report_generator script to /home/capstone2526/cmdr_ws/src/carleton-mail-delivery-robot/install/mail-delivery-robot/lib/mail-delivery-robot
[5.458s] Installing travel_analyzer script to /home/capstone2526/cmdr_ws/src/carleton-mail-delivery-robot/install/mail-delivery-robot/lib/mail-delivery-robot
[5.459s] Installing travel_layer script to /home/capstone2526/cmdr_ws/src/carleton-mail-delivery-robot/install/mail-delivery-robot/lib/mail-delivery-robot
[5.460s] Installing turning_layer script to /home/capstone2526/cmdr_ws/src/carleton-mail-delivery-robot/install/mail-delivery-robot/lib/mail-delivery-robot
[5.464s] writing list of installed files to '/home/capstone2526/cmdr_ws/src/carleton-mail-delivery-robot/build/mail-delivery-robot/install.log'
[5.585s] Invoked command in '/home/capstone2526/cmdr_ws/src/carleton-mail-delivery-robot/mail-delivery-robot' returned '0': PYTHONPATH=/home/capstone2526/cmdr_ws/src/carleton-mail-delivery-robot/build/mail-delivery-robot/prefix_override:/usr/lib/python3/dist-packages/colcon_core/task/python/colcon_distutils_commands:/home/capstone2526/cmdr_ws/src/carleton-mail-delivery-robot/install/mail-delivery-robot/lib/python3.10/site-packages:${PYTHONPATH} /usr/bin/python3 -W ignore:setup.py install is deprecated -W ignore:easy_install command is deprecated setup.py egg_info --egg-base ../build/mail-delivery-robot build --build-base /home/capstone2526/cmdr_ws/src/carleton-mail-delivery-robot/build/mail-delivery-robot/build install --record /home/capstone2526/cmdr_ws/src/carleton-mail-delivery-robot/build/mail-delivery-robot/install.log --single-version-externally-managed install_data
